Component: ARM Compiler 5.06 update 5 (build 528) Tool: armlink [4d35e2]

==============================================================================

Section Cross References

    startup_stm32h750xx.o(RESET) refers to startup_stm32h750xx.o(STACK) for __initial_sp
    startup_stm32h750xx.o(RESET) refers to startup_stm32h750xx.o(.text) for Reset_Handler
    startup_stm32h750xx.o(RESET) refers to stm32h7xx_it.o(i.NMI_Handler) for NMI_Handler
    startup_stm32h750xx.o(RESET) refers to stm32h7xx_it.o(i.HardFault_Handler) for HardFault_Handler
    startup_stm32h750xx.o(RESET) refers to stm32h7xx_it.o(i.MemManage_Handler) for MemManage_Handler
    startup_stm32h750xx.o(RESET) refers to stm32h7xx_it.o(i.BusFault_Handler) for BusFault_Handler
    startup_stm32h750xx.o(RESET) refers to stm32h7xx_it.o(i.UsageFault_Handler) for UsageFault_Handler
    startup_stm32h750xx.o(RESET) refers to stm32h7xx_it.o(i.SVC_Handler) for SVC_Handler
    startup_stm32h750xx.o(RESET) refers to stm32h7xx_it.o(i.DebugMon_Handler) for DebugMon_Handler
    startup_stm32h750xx.o(RESET) refers to stm32h7xx_it.o(i.PendSV_Handler) for PendSV_Handler
    startup_stm32h750xx.o(RESET) refers to stm32h7xx_it.o(i.SysTick_Handler) for SysTick_Handler
    startup_stm32h750xx.o(.text) refers to system_stm32h7xx.o(i.ExitRun0Mode) for ExitRun0Mode
    startup_stm32h750xx.o(.text) refers to system_stm32h7xx.o(i.SystemInit) for SystemInit
    startup_stm32h750xx.o(.text) refers to entry.o(.ARM.Collect$$$$00000000) for __main
    network.o(i.ai_network_create) refers to ai_platform_interface.o(i.ai_platform_network_create) for ai_platform_network_create
    network.o(i.ai_network_create) refers to network.o(.data) for .data
    network.o(i.ai_network_create_and_init) refers to network.o(i.ai_network_create) for ai_network_create
    network.o(i.ai_network_create_and_init) refers to network_data.o(i.ai_network_data_params_get) for ai_network_data_params_get
    network.o(i.ai_network_create_and_init) refers to network.o(i.ai_network_get_error) for ai_network_get_error
    network.o(i.ai_network_create_and_init) refers to ai_platform.o(i.ai_buffer_array_item_set_address) for ai_buffer_array_item_set_address
    network.o(i.ai_network_create_and_init) refers to network.o(i.ai_network_init) for ai_network_init
    network.o(i.ai_network_destroy) refers to ai_platform_interface.o(i.ai_platform_network_destroy) for ai_platform_network_destroy
    network.o(i.ai_network_forward) refers to ai_platform_interface.o(i.ai_platform_network_process) for ai_platform_network_process
    network.o(i.ai_network_get_error) refers to ai_platform_interface.o(i.ai_platform_network_get_error) for ai_platform_network_get_error
    network.o(i.ai_network_get_info) refers to ai_platform_interface.o(i.ai_platform_context_acquire) for ai_platform_context_acquire
    network.o(i.ai_network_get_info) refers to memcpya.o(.text) for __aeabi_memcpy4
    network.o(i.ai_network_get_info) refers to ai_platform_interface.o(i.ai_platform_runtime_get_revision) for ai_platform_runtime_get_revision
    network.o(i.ai_network_get_info) refers to ai_platform_interface.o(i.ai_platform_runtime_get_version) for ai_platform_runtime_get_version
    network.o(i.ai_network_get_info) refers to ai_platform_interface.o(i.ai_platform_api_get_version) for ai_platform_api_get_version
    network.o(i.ai_network_get_info) refers to ai_platform_interface.o(i.ai_platform_interface_api_get_version) for ai_platform_interface_api_get_version
    network.o(i.ai_network_get_info) refers to ai_platform_interface.o(i.ai_platform_api_get_network_report) for ai_platform_api_get_network_report
    network.o(i.ai_network_get_info) refers to network.o(.constdata) for .constdata
    network.o(i.ai_network_get_report) refers to ai_platform_interface.o(i.ai_platform_context_acquire) for ai_platform_context_acquire
    network.o(i.ai_network_get_report) refers to memcpya.o(.text) for __aeabi_memcpy4
    network.o(i.ai_network_get_report) refers to ai_platform_interface.o(i.ai_platform_runtime_get_revision) for ai_platform_runtime_get_revision
    network.o(i.ai_network_get_report) refers to ai_platform_interface.o(i.ai_platform_runtime_get_version) for ai_platform_runtime_get_version
    network.o(i.ai_network_get_report) refers to ai_platform_interface.o(i.ai_platform_api_get_version) for ai_platform_api_get_version
    network.o(i.ai_network_get_report) refers to ai_platform_interface.o(i.ai_platform_interface_api_get_version) for ai_platform_interface_api_get_version
    network.o(i.ai_network_get_report) refers to ai_platform_interface.o(i.ai_platform_api_get_network_report) for ai_platform_api_get_network_report
    network.o(i.ai_network_get_report) refers to network.o(.constdata) for .constdata
    network.o(i.ai_network_init) refers to ai_platform_interface.o(i.ai_platform_network_init) for ai_platform_network_init
[...]
    ../Drivers/STM32H7xx_HAL_Driver/Src/stm32h7xx_hal_rcc.c 0x00000000   Number         0  stm32h7xx_hal_rcc.o ABSOLUTE
    ../Drivers/STM32H7xx_HAL_Driver/Src/stm32h7xx_hal_rcc_ex.c 0x00000000   Number         0  stm32h7xx_hal_rcc_ex.o ABSOLUTE
    ../Drivers/STM32H7xx_HAL_Driver/Src/stm32h7xx_hal_uart.c 0x00000000   Number         0  stm32h7xx_hal_uart.o ABSOLUTE
    ../Drivers/STM32H7xx_HAL_Driver/Src/stm32h7xx_hal_uart_ex.c 0x00000000   Number         0  stm32h7xx_hal_uart_ex.o ABSOLUTE
    ../X-CUBE-AI/App/app_x-cube-ai.c         0x00000000   Number         0  app_x-cube-ai.o ABSOLUTE
    ../X-CUBE-AI/App/network.c               0x00000000   Number         0  network.o ABSOLUTE
    ../X-CUBE-AI/App/network_data.c          0x00000000   Number         0  network_data.o ABSOLUTE
    ../X-CUBE-AI/App/network_data_params.c   0x00000000   Number         0  network_data_params.o ABSOLUTE
    ../clib/microlib/division.c              0x00000000   Number         0  uidiv.o ABSOLUTE
    ../clib/microlib/division.c              0x00000000   Number         0  uldiv.o ABSOLUTE
    ../clib/microlib/errno.c                 0x00000000   Number         0  errno.o ABSOLUTE
    ../clib/microlib/init/entry.s            0x00000000   Number         0  entry.o ABSOLUTE
    ../clib/microlib/init/entry.s            0x00000000   Number         0  entry11a.o ABSOLUTE
    ../clib/microlib/init/entry.s            0x00000000   Number         0  entry8a.o ABSOLUTE
    ../clib/microlib/init/entry.s            0x00000000   Number         0  entry7a.o ABSOLUTE
    ../clib/microlib/init/entry.s            0x00000000   Number         0  entry5.o ABSOLUTE
    ../clib/microlib/init/entry.s            0x00000000   Number         0  entry10b.o ABSOLUTE
    ../clib/microlib/init/entry.s            0x00000000   Number         0  entry8b.o ABSOLUTE
    ../clib/microlib/init/entry.s            0x00000000   Number         0  entry2.o ABSOLUTE
    ../clib/microlib/init/entry.s            0x00000000   Number         0  entry7b.o ABSOLUTE
    ../clib/microlib/init/entry.s            0x00000000   Number         0  entry11b.o ABSOLUTE
    ../clib/microlib/init/entry.s            0x00000000   Number         0  entry10a.o ABSOLUTE
    ../clib/microlib/init/entry.s            0x00000000   Number         0  entry9b.o ABSOLUTE
    ../clib/microlib/init/entry.s            0x00000000   Number         0  entry9a.o ABSOLUTE
    ../clib/microlib/longlong.c              0x00000000   Number         0  llsshr.o ABSOLUTE
    ../clib/microlib/longlong.c              0x00000000   Number         0  llushr.o ABSOLUTE
    ../clib/microlib/longlong.c              0x00000000   Number         0  llshl.o ABSOLUTE
    ../clib/microlib/malloc/malloc.c         0x00000000   Number         0  malloc.o ABSOLUTE
    ../clib/microlib/malloc/malloc.c         0x00000000   Number         0  malloca.o ABSOLUTE
    ../clib/microlib/malloc/malloc.c         0x00000000   Number         0  mallocr.o ABSOLUTE
    ../clib/microlib/malloc/malloc.c         0x00000000   Number         0  mallocra.o ABSOLUTE
    ../clib/microlib/malloc/mvars.c          0x00000000   Number         0  mvars.o ABSOLUTE
    ../clib/microlib/printf/printf.c         0x00000000   Number         0  printf5.o ABSOLUTE
    ../clib/microlib/printf/printf.c         0x00000000   Number         0  printf7.o ABSOLUTE
    ../clib/microlib/printf/printf.c         0x00000000   Number         0  printf3.o ABSOLUTE
    ../clib/microlib/printf/printf.c         0x00000000   Number         0  printf2.o ABSOLUTE
    ../clib/microlib/printf/printf.c         0x00000000   Number         0  printf1.o ABSOLUTE
    ../clib/microlib/printf/printf.c         0x00000000   Number         0  printf0.o ABSOLUTE
    ../clib/microlib/printf/printf.c         0x00000000   Number         0  printf6.o ABSOLUTE
    ../clib/microlib/printf/printf.c         0x00000000   Number         0  printf8.o ABSOLUTE
    ../clib/microlib/printf/printf.c         0x00000000   Number         0  printf4.o ABSOLUTE
    ../clib/microlib/printf/printf.c         0x00000000   Number         0  printfa.o ABSOLUTE
    ../clib/microlib/printf/printf.c         0x00000000   Number         0  printfb.o ABSOLUTE
    ../clib/microlib/printf/stubs.s          0x00000000   Number         0  stubs.o ABSOLUTE
    ../clib/microlib/stdio/streams.c         0x00000000   Number         0  stdout.o ABSOLUTE
    ../clib/microlib/string/memcmp.c         0x00000000   Number         0  memcmp.o ABSOLUTE
    ../clib/microlib/string/memcpy.c         0x00000000   Number         0  memcpya.o ABSOLUTE
    ../clib/microlib/string/memcpy.c         0x00000000   Number         0  memcpyb.o ABSOLUTE
    ../clib/microlib/string/memset.c         0x00000000   Number         0  memseta.o ABSOLUTE
    ../clib/microlib/stubs.s                 0x00000000   Number         0  iusefp.o ABSOLUTE
    ../fplib/microlib/fpadd.c                0x00000000   Number         0  dadd.o ABSOLUTE
    ../fplib/microlib/fpdiv.c                0x00000000   Number         0  ddiv.o ABSOLUTE
    ../fplib/microlib/fpepilogue.c           0x00000000   Number         0  depilogue.o ABSOLUTE
    ../fplib/microlib/fpepilogue.c           0x00000000   Number         0  fepilogue.o ABSOLUTE
    ../fplib/microlib/fpfix.c                0x00000000   Number         0  dfixul.o ABSOLUTE
    ../fplib/microlib/fpfix.c                0x00000000   Number         0  ffixl.o ABSOLUTE
    ../fplib/microlib/fpmul.c                0x00000000   Number         0  dmul.o ABSOLUTE
    ../fplib/microlib/fprem.c                0x00000000   Number         0  frem.o ABSOLUTE
    ../fplib/microlib/fprnd.c                0x00000000   Number         0  frnd.o ABSOLUTE
    ../fplib/microlib/fpstat.c               0x00000000   Number         0  fpstat.o ABSOLUTE
    ../mathlib/acosf.c                       0x00000000   Number         0  acosf_x.o ABSOLUTE
    ../mathlib/acosf.c                       0x00000000   Number         0  acosf.o ABSOLUTE
    ../mathlib/acoshf.c                      0x00000000   Number         0  acoshf_x.o ABSOLUTE
    ../mathlib/acoshf.c                      0x00000000   Number         0  acoshf.o ABSOLUTE
    ../mathlib/asinf.c                       0x00000000   Number         0  asinf_x.o ABSOLUTE
    ../mathlib/asinf.c                       0x00000000   Number         0  asinf.o ABSOLUTE
    ../mathlib/asinhf.c                      0x00000000   Number         0  asinhf_x.o ABSOLUTE
    ../mathlib/asinhf.c                      0x00000000   Number         0  asinhf.o ABSOLUTE
    ../mathlib/atanf.c                       0x00000000   Number         0  atanf_x.o ABSOLUTE
    ../mathlib/atanf.c                       0x00000000   Number         0  atanf.o ABSOLUTE
    ../mathlib/atanhf.c                      0x00000000   Number         0  atanhf.o ABSOLUTE
    ../mathlib/atanhf.c                      0x00000000   Number         0  atanhf_x.o ABSOLUTE
    ../mathlib/ceilf.c                       0x00000000   Number         0  ceilf.o ABSOLUTE
    ../mathlib/cosf.c                        0x00000000   Number         0  cosf.o ABSOLUTE
    ../mathlib/cosf.c                        0x00000000   Number         0  cosf_x.o ABSOLUTE
    ../mathlib/coshf.c                       0x00000000   Number         0  coshf.o ABSOLUTE
    ../mathlib/coshf.c                       0x00000000   Number         0  coshf_x.o ABSOLUTE
    ../mathlib/erff.c                        0x00000000   Number         0  erff.o ABSOLUTE
    ../mathlib/erff.c                        0x00000000   Number         0  erff_x.o ABSOLUTE
    ../mathlib/expf.c                        0x00000000   Number         0  expf_x.o ABSOLUTE
    ../mathlib/expf.c                        0x00000000   Number         0  expf.o ABSOLUTE
    ../mathlib/floorf.c                      0x00000000   Number         0  floorf.o ABSOLUTE
    ../mathlib/fmodf.c                       0x00000000   Number         0  fmodf.o ABSOLUTE
    ../mathlib/fmodf.c                       0x00000000   Number         0  fmodf_x.o ABSOLUTE
    ../mathlib/fpclassifyf.c                 0x00000000   Number         0  fpclassifyf.o ABSOLUTE
    ../mathlib/funder.c                      0x00000000   Number         0  funder.o ABSOLUTE
    ../mathlib/log1pf.c                      0x00000000   Number         0  log1pf_x.o ABSOLUTE
    ../mathlib/log1pf.c                      0x00000000   Number         0  log1pf_i.o ABSOLUTE
    ../mathlib/logf.c                        0x00000000   Number         0  logf_i.o ABSOLUTE
    ../mathlib/logf.c                        0x00000000   Number         0  logf.o ABSOLUTE
    ../mathlib/logf.c                        0x00000000   Number         0  logf_x.o ABSOLUTE
    ../mathlib/powf.c                        0x00000000   Number         0  powf_x.o ABSOLUTE
    ../mathlib/powf.c                        0x00000000   Number         0  powf.o ABSOLUTE
    ../mathlib/round.c                       0x00000000   Number         0  roundf.o ABSOLUTE
    ../mathlib/rredf.c                       0x00000000   Number         0  rredf.o ABSOLUTE
    ../mathlib/sinf.c                        0x00000000   Number         0  sinf_x.o ABSOLUTE
    ../mathlib/sinf.c                        0x00000000   Number         0  sinf.o ABSOLUTE
    ../mathlib/sinhf.c                       0x00000000   Number         0  sinhf.o ABSOLUTE
    ../mathlib/sinhf.c                       0x00000000   Number         0  sinhf_x.o ABSOLUTE
    ../mathlib/sqrtf.c                       0x00000000   Number         0  sqrtf_x.o ABSOLUTE
    ../mathlib/sqrtf.c                       0x00000000   Number         0  sqrtf.o ABSOLUTE
    ../mathlib/tanf.c                        0x00000000   Number         0  tanf.o ABSOLUTE
    ../mathlib/tanf.c                        0x00000000   Number         0  tanf_x.o ABSOLUTE
    ../mathlib/tanhf.c                       0x00000000   Number         0  tanhf.o ABSOLUTE
    ../mathlib/tanhf.c                       0x00000000   Number         0  tanhf_x.o ABSOLUTE
    ..\..\src\ai_lite\src\kernels\common\lite_nl_relu_if32of32.c 0x00000000   Number         0  lite_nl_relu_if32of32.o ABSOLUTE
    ..\..\src\ai_lite\src\kernels\common\lite_nl_softmax_if32of32.c 0x00000000   Number         0  lite_nl_softmax_if32of32.o ABSOLUTE
    ..\..\src\ai_lite\src\kernels\forward_lite_conv2d_if32of32wf32.c 0x00000000   Number         0  forward_lite_conv2d_if32of32wf32.o ABSOLUTE
    ..\..\src\ai_lite\src\kernels\lite_dense_if32.c 0x00000000   Number         0  lite_dense_if32.o ABSOLUTE
    ..\..\src\ai_lite\src\kernels\lite_nl_generic_float.c 0x00000000   Number         0  lite_nl_generic_float.o ABSOLUTE
    ..\..\src\api\ai_platform_interface.c    0x00000000   Number         0  ai_platform_interface.o ABSOLUTE
    ..\..\src\helpers\ai_math_helpers.c      0x00000000   Number         0  ai_math_helpers.o ABSOLUTE
    ..\..\src\helpers\common\ai_math_elementwise_mul_int8.c 0x00000000   Number         0  ai_math_elementwise_mul_int8.o ABSOLUTE
    ..\..\src\helpers\common\ai_math_elementwise_sum_int8.c 0x00000000   Number         0  ai_math_elementwise_sum_int8.o ABSOLUTE
    ..\..\src\layers\common\layers_conv2d_integer_scratch.c 0x00000000   Number         0  layers_conv2d_integer_scratch.o ABSOLUTE
    ..\..\src\layers\layers.c                0x00000000   Number         0  layers.o ABSOLUTE
    ..\..\src\layers\layers_conv2d_generic_float.c 0x00000000   Number         0  layers_conv2d_generic_float.o ABSOLUTE
    ..\..\src\layers\layers_nl_generic_float.c 0x00000000   Number         0  layers_nl_generic_float.o ABSOLUTE
    ..\..\stm32\Drivers\ST_CMSIS\NN\Source\NNSupportFunctions\st_align_factor.c 0x00000000   Number         0  st_align_factor.o ABSOLUTE
    ..\..\stm32\Drivers\ST_CMSIS\NN\Source\NNSupportFunctions\st_dsp\st_int8_fill.c 0x00000000   Number         0  st_int8_fill.o ABSOLUTE
    ..\Core\Src\adc.c                        0x00000000   Number         0  adc.o ABSOLUTE
    ..\Core\Src\crc.c                        0x00000000   Number         0  crc.o ABSOLUTE
    ..\Core\Src\gpio.c                       0x00000000   Number         0  gpio.o ABSOLUTE
    ..\Core\Src\main.c                       0x00000000   Number         0  main.o ABSOLUTE
    ..\Core\Src\memorymap.c                  0x00000000   Number         0  memorymap.o ABSOLUTE
    ..\Core\Src\stm32h7xx_hal_msp.c          0x00000000   Number         0  stm32h7xx_hal_msp.o ABSOLUTE
    ..\Core\Src\stm32h7xx_it.c               0x00000000   Number         0  stm32h7xx_it.o ABSOLUTE
    ..\Core\Src\system_stm32h7xx.c           0x00000000   Number         0  system_stm32h7xx.o ABSOLUTE
    ..\Core\Src\usart.c                      0x00000000   Number         0  usart.o ABSOLUTE
    ..\Drivers\STM32H7xx_HAL_Driver\Src\stm32h7xx_hal.c 0x00000000   Number         0  stm32h7xx_hal.o ABSOLUTE
    ..\Drivers\STM32H7xx_HAL_Driver\Src\stm32h7xx_hal_adc.c 0x00000000   Number         0  stm32h7xx_hal_adc.o ABSOLUTE
    ..\Drivers\STM32H7xx_HAL_Driver\Src\stm32h7xx_hal_adc_ex.c 0x00000000   Number         0  stm32h7xx_hal_adc_ex.o ABSOLUTE
    ..\Drivers\STM32H7xx_HAL_Driver\Src\stm32h7xx_hal_cortex.c 0x00000000   Number         0  stm32h7xx_hal_cortex.o ABSOLUTE
    ..\Drivers\STM32H7xx_HAL_Driver\Src\stm32h7xx_hal_crc.c 0x00000000   Number         0  stm32h7xx_hal_crc.o ABSOLUTE
    ..\Drivers\STM32H7xx_HAL_Driver\Src\stm32h7xx_hal_crc_ex.c 0x00000000   Number         0  stm32h7xx_hal_crc_ex.o ABSOLUTE
    ..\Drivers\STM32H7xx_HAL_Driver\Src\stm32h7xx_hal_dma.c 0x00000000   Number         0  stm32h7xx_hal_dma.o ABSOLUTE
    ..\Drivers\STM32H7xx_HAL_Driver\Src\stm32h7xx_hal_dma_ex.c 0x00000000   Number         0  stm32h7xx_hal_dma_ex.o ABSOLUTE
    ..\Drivers\STM32H7xx_HAL_Driver\Src\stm32h7xx_hal_exti.c 0x00000000   Number         0  stm32h7xx_hal_exti.o ABSOLUTE
    ..\Drivers\STM32H7xx_HAL_Driver\Src\stm32h7xx_hal_flash.c 0x00000000   Number         0  stm32h7xx_hal_flash.o ABSOLUTE
    ..\Drivers\STM32H7xx_HAL_Driver\Src\stm32h7xx_hal_flash_ex.c 0x00000000   Number         0  stm32h7xx_hal_flash_ex.o ABSOLUTE
    ..\Drivers\STM32H7xx_HAL_Driver\Src\stm32h7xx_hal_gpio.c 0x00000000   Number         0  stm32h7xx_hal_gpio.o ABSOLUTE
    ..\Drivers\STM32H7xx_HAL_Driver\Src\stm32h7xx_hal_hsem.c 0x00000000   Number         0  stm32h7xx_hal_hsem.o ABSOLUTE
    ..\Drivers\STM32H7xx_HAL_Driver\Src\stm32h7xx_hal_i2c.c 0x00000000   Number         0  stm32h7xx_hal_i2c.o ABSOLUTE
    ..\Drivers\STM32H7xx_HAL_Driver\Src\stm32h7xx_hal_i2c_ex.c 0x00000000   Number         0  stm32h7xx_hal_i2c_ex.o ABSOLUTE
    ..\Drivers\STM32H7xx_HAL_Driver\Src\stm32h7xx_hal_mdma.c 0x00000000   Number         0  stm32h7xx_hal_mdma.o ABSOLUTE
    ..\Drivers\STM32H7xx_HAL_Driver\Src\stm32h7xx_hal_pwr.c 0x00000000   Number         0  stm32h7xx_hal_pwr.o ABSOLUTE
    ..\Drivers\STM32H7xx_HAL_Driver\Src\stm32h7xx_hal_pwr_ex.c 0x00000000   Number         0  stm32h7xx_hal_pwr_ex.o ABSOLUTE
    ..\Drivers\STM32H7xx_HAL_Driver\Src\stm32h7xx_hal_rcc.c 0x00000000   Number         0  stm32h7xx_hal_rcc.o ABSOLUTE
    ..\Drivers\STM32H7xx_HAL_Driver\Src\stm32h7xx_hal_rcc_ex.c 0x00000000   Number         0  stm32h7xx_hal_rcc_ex.o ABSOLUTE
    ..\Drivers\STM32H7xx_HAL_Driver\Src\stm32h7xx_hal_uart.c 0x00000000   Number         0  stm32h7xx_hal_uart.o ABSOLUTE
    ..\Drivers\STM32H7xx_HAL_Driver\Src\stm32h7xx_hal_uart_ex.c 0x00000000   Number         0  stm32h7xx_hal_uart_ex.o ABSOLUTE
    ..\X-CUBE-AI\App\app_x-cube-ai.c         0x00000000   Number         0  app_x-cube-ai.o ABSOLUTE
    cdrcmple.s                               0x00000000   Number         0  cdrcmple.o ABSOLUTE
    dc.s                                     0x00000000   Number         0  dc.o ABSOLUTE
    handlers.s                               0x00000000   Number         0  handlers.o ABSOLUTE
    init.s                                   0x00000000   Number         0  init.o ABSOLUTE
    startup_stm32h750xx.s                    0x00000000   Number         0  startup_stm32h750xx.o ABSOLUTE
    RESET                                    0x08000000   Section      664  startup_stm32h750xx.o(RESET)
    .ARM.Collect$$$$00000000                 0x08000298   Section        0  entry.o(.ARM.Collect$$$$00000000)
    .ARM.Collect$$$$00000001                 0x08000298   Section        4  entry2.o(.ARM.Collect$$$$00000001)
    .ARM.Collect$$$$00000004                 0x0800029c   Section        4  entry5.o(.ARM.Collect$$$$00000004)
    .ARM.Collect$$$$00000008                 0x080002a0   Section        0  entry7b.o(.ARM.Collect$$$$00000008)
    .ARM.Collect$$$$0000000A                 0x080002a0   Section        0  entry8b.o(.ARM.Collect$$$$0000000A)
    .ARM.Collect$$$$0000000B                 0x080002a0   Section        8  entry9a.o(.ARM.Collect$$$$0000000B)
    .ARM.Collect$$$$0000000D                 0x080002a8   Section        0  entry10a.o(.ARM.Collect$$$$0000000D)
    .ARM.Collect$$$$0000000F                 0x080002a8   Section        0  entry11a.o(.ARM.Collect$$$$0000000F)
    .ARM.Collect$$$$00002712                 0x080002a8   Section        4  entry2.o(.ARM.Collect$$$$00002712)
    __lit__00000000                          0x080002a8   Data           4  entry2.o(.ARM.Collect$$$$00002712)
    .text                                    0x080002ac   Section       44  startup_stm32h750xx.o(.text)
    $v0                                      0x080002ac   Number         0  startup_stm32h750xx.o(.text)
    .text                                    0x080002d8   Section        0  uldiv.o(.text)
    .text                                    0x0800033a   Section        0  memseta.o(.text)
    .text                                    0x0800035e   Section        0  uidiv.o(.text)
    .text                                    0x0800038a   Section        0  llshl.o(.text)
    .text                                    0x080003a8   Section        0  llushr.o(.text)
    .text                                    0x080003c8   Section        0  iusefp.o(.text)
    .text                                    0x080003c8   Section        0  dadd.o(.text)
    .text                                    0x08000516   Section        0  dmul.o(.text)
    .text                                    0x080005fa   Section        0  ddiv.o(.text)
    .text                                    0x080006d8   Section        0  dfixul.o(.text)
    .text                                    0x08000708   Section       48  cdrcmple.o(.text)
    .text                                    0x08000738   Section       36  init.o(.text)
    .text                                    0x0800075c   Section        0  llsshr.o(.text)
    .text                                    0x08000780   Section        0  depilogue.o(.text)
    i.ADC_ConfigureBoostMode                 0x0800083c   Section        0  stm32h7xx_hal_adc.o(i.ADC_ConfigureBoostMode)
    i.BusFault_Handler                       0x08000944   Section        0  stm32h7xx_it.o(i.BusFault_Handler)
    i.DebugMon_Handler                       0x08000946   Section        0  stm32h7xx_it.o(i.DebugMon_Handler)
    i.Error_Handler                          0x08000948   Section        0  main.o(i.Error_Handler)
    i.ExitRun0Mode                           0x0800094c   Section        0  system_stm32h7xx.o(i.ExitRun0Mode)
    i.HAL_ADCEx_MultiModeConfigChannel       0x08000968   Section        0  stm32h7xx_hal_adc_ex.o(i.HAL_ADCEx_MultiModeConfigChannel)
    i.HAL_ADC_ConfigChannel                  0x08000a90   Section        0  stm32h7xx_hal_adc.o(i.HAL_ADC_ConfigChannel)
    i.HAL_ADC_Init                           0x08000eb0   Section        0  stm32h7xx_hal_adc.o(i.HAL_ADC_Init)
    i.HAL_ADC_MspInit                        0x080010d8   Section        0  adc.o(i.HAL_ADC_MspInit)
    i.HAL_CRCEx_Polynomial_Set               0x08001178   Section        0  stm32h7xx_hal_crc_ex.o(i.HAL_CRCEx_Polynomial_Set)
    i.HAL_CRC_Init                           0x080011cc   Section        0  stm32h7xx_hal_crc.o(i.HAL_CRC_Init)
    i.HAL_CRC_MspInit                        0x08001244   Section        0  crc.o(i.HAL_CRC_MspInit)
    i.HAL_Delay                              0x0800126c   Section        0  stm32h7xx_hal.o(i.HAL_Delay)
    i.HAL_GPIO_Init                          0x08001290   Section        0  stm32h7xx_hal_gpio.o(i.HAL_GPIO_Init)
    i.HAL_GPIO_TogglePin                     0x080014bc   Section        0  stm32h7xx_hal_gpio.o(i.HAL_GPIO_TogglePin)
    i.HAL_GPIO_WritePin                      0x080014cc   Section        0  stm32h7xx_hal_gpio.o(i.HAL_GPIO_WritePin)
    i.HAL_GetREVID                           0x080014d8   Section        0  stm32h7xx_hal.o(i.HAL_GetREVID)
    i.HAL_GetTick                            0x080014e4   Section        0  stm32h7xx_hal.o(i.HAL_GetTick)
    i.HAL_IncTick                            0x080014f0   Section        0  stm32h7xx_hal.o(i.HAL_IncTick)
    i.HAL_Init                               0x08001500   Section        0  stm32h7xx_hal.o(i.HAL_Init)
    i.HAL_InitTick                           0x0800155c   Section        0  stm32h7xx_hal.o(i.HAL_InitTick)
    i.HAL_MPU_ConfigRegion                   0x0800159c   Section        0  stm32h7xx_hal_cortex.o(i.HAL_MPU_ConfigRegion)
    i.HAL_MPU_Disable                        0x080015f8   Section        0  stm32h7xx_hal_cortex.o(i.HAL_MPU_Disable)
    i.HAL_MPU_Enable                         0x08001614   Section        0  stm32h7xx_hal_cortex.o(i.HAL_MPU_Enable)
    i.HAL_MspInit                            0x08001638   Section        0  stm32h7xx_hal_msp.o(i.HAL_MspInit)
    i.HAL_NVIC_SetPriority                   0x08001654   Section        0  stm32h7xx_hal_cortex.o(i.HAL_NVIC_SetPriority)
    i.HAL_NVIC_SetPriorityGrouping           0x08001694   Section        0  stm32h7xx_hal_cortex.o(i.HAL_NVIC_SetPriorityGrouping)
    i.HAL_PWREx_ConfigSupply                 0x080016b8   Section        0  stm32h7xx_hal_pwr_ex.o(i.HAL_PWREx_ConfigSupply)
    i.HAL_RCCEx_GetD3PCLK1Freq               0x0800170c   Section        0  stm32h7xx_hal_rcc_ex.o(i.HAL_RCCEx_GetD3PCLK1Freq)
    i.HAL_RCCEx_GetPLL1ClockFreq             0x08001730   Section        0  stm32h7xx_hal_rcc_ex.o(i.HAL_RCCEx_GetPLL1ClockFreq)
    i.HAL_RCCEx_GetPLL2ClockFreq             0x08001878   Section        0  stm32h7xx_hal_rcc_ex.o(i.HAL_RCCEx_GetPLL2ClockFreq)
    i.HAL_RCCEx_GetPLL3ClockFreq             0x080019bc   Section        0  stm32h7xx_hal_rcc_ex.o(i.HAL_RCCEx_GetPLL3ClockFreq)
    i.HAL_RCCEx_GetPeriphCLKFreq             0x08001b00   Section        0  stm32h7xx_hal_rcc_ex.o(i.HAL_RCCEx_GetPeriphCLKFreq)
    i.HAL_RCCEx_PeriphCLKConfig              0x08001dc8   Section        0  stm32h7xx_hal_rcc_ex.o(i.HAL_RCCEx_PeriphCLKConfig)
    i.HAL_RCC_ClockConfig                    0x08002774   Section        0  stm32h7xx_hal_rcc.o(i.HAL_RCC_ClockConfig)
    i.HAL_RCC_GetHCLKFreq                    0x080029d0   Section        0  stm32h7xx_hal_rcc.o(i.HAL_RCC_GetHCLKFreq)
    i.HAL_RCC_GetPCLK1Freq                   0x08002a14   Section        0  stm32h7xx_hal_rcc.o(i.HAL_RCC_GetPCLK1Freq)
    i.HAL_RCC_GetPCLK2Freq                   0x08002a38   Section        0  stm32h7xx_hal_rcc.o(i.HAL_RCC_GetPCLK2Freq)
    i.HAL_RCC_GetSysClockFreq                0x08002a5c   Section        0  stm32h7xx_hal_rcc.o(i.HAL_RCC_GetSysClockFreq)
    i.HAL_RCC_OscConfig                      0x08002b94   Section        0  stm32h7xx_hal_rcc.o(i.HAL_RCC_OscConfig)
    i.HAL_SYSTICK_Config                     0x08003116   Section        0  stm32h7xx_hal_cortex.o(i.HAL_SYSTICK_Config)
    i.HAL_UARTEx_DisableFifoMode             0x0800313c   Section        0  stm32h7xx_hal_uart_ex.o(i.HAL_UARTEx_DisableFifoMode)
    i.HAL_UARTEx_SetRxFifoThreshold          0x0800317c   Section        0  stm32h7xx_hal_uart_ex.o(i.HAL_UARTEx_SetRxFifoThreshold)
    i.HAL_UARTEx_SetTxFifoThreshold          0x080031c8   Section        0  stm32h7xx_hal_uart_ex.o(i.HAL_UARTEx_SetTxFifoThreshold)
    i.HAL_UART_Init                          0x08003214   Section        0  stm32h7xx_hal_uart.o(i.HAL_UART_Init)
    i.HAL_UART_MspInit                       0x08003280   Section        0  usart.o(i.HAL_UART_MspInit)
    i.HAL_UART_Transmit                      0x0800331c   Section        0  stm32h7xx_hal_uart.o(i.HAL_UART_Transmit)
    i.HardFault_Handler                      0x080033cc   Section        0  stm32h7xx_it.o(i.HardFault_Handler)
    i.LL_ADC_INJ_IsConversionOngoing         0x080033ce   Section        0  stm32h7xx_hal_adc.o(i.LL_ADC_INJ_IsConversionOngoing)
    LL_ADC_INJ_IsConversionOngoing           0x080033cf   Thumb Code     8  stm32h7xx_hal_adc.o(i.LL_ADC_INJ_IsConversionOngoing)
    i.LL_ADC_REG_IsConversionOngoing         0x080033d6   Section        0  stm32h7xx_hal_adc.o(i.LL_ADC_REG_IsConversionOngoing)
    LL_ADC_REG_IsConversionOngoing           0x080033d7   Thumb Code     8  stm32h7xx_hal_adc.o(i.LL_ADC_REG_IsConversionOngoing)
    i.LL_ADC_REG_IsConversionOngoing         0x080033de   Section        0  stm32h7xx_hal_adc_ex.o(i.LL_ADC_REG_IsConversionOngoing)
    LL_ADC_REG_IsConversionOngoing           0x080033df   Thumb Code     8  stm32h7xx_hal_adc_ex.o(i.LL_ADC_REG_IsConversionOngoing)
    i.MX_ADC1_Init                           0x080033e8   Section        0  adc.o(i.MX_ADC1_Init)
    i.MX_CRC_Init                            0x08003478   Section        0  crc.o(i.MX_CRC_Init)
    i.MX_GPIO_Init                           0x080034a8   Section        0  gpio.o(i.MX_GPIO_Init)
    i.MX_USART1_UART_Init                    0x0800352c   Section        0  usart.o(i.MX_USART1_UART_Init)
    i.MX_X_CUBE_AI_Process                   0x08003594   Section        0  app_x-cube-ai.o(i.MX_X_CUBE_AI_Process)
    i.MemManage_Handler                      0x0800370c   Section        0  stm32h7xx_it.o(i.MemManage_Handler)
    i.NMI_Handler                            0x0800370e   Section        0  stm32h7xx_it.o(i.NMI_Handler)
    i.PendSV_Handler                         0x08003710   Section        0  stm32h7xx_it.o(i.PendSV_Handler)
    i.RCCEx_PLL2_Config                      0x08003714   Section        0  stm32h7xx_hal_rcc_ex.o(i.RCCEx_PLL2_Config)
    RCCEx_PLL2_Config                        0x08003715   Thumb Code   284  stm32h7xx_hal_rcc_ex.o(i.RCCEx_PLL2_Config)
    i.RCCEx_PLL3_Config                      0x08003834   Section        0  stm32h7xx_hal_rcc_ex.o(i.RCCEx_PLL3_Config)
    RCCEx_PLL3_Config                        0x08003835   Thumb Code   284  stm32h7xx_hal_rcc_ex.o(i.RCCEx_PLL3_Config)
    i.SVC_Handler                            0x08003954   Section        0  stm32h7xx_it.o(i.SVC_Handler)
    i.SysTick_Handler                        0x08003956   Section        0  stm32h7xx_it.o(i.SysTick_Handler)
    i.SystemClock_Config                     0x0800395c   Section        0  main.o(i.SystemClock_Config)
    i.SystemInit                             0x08003a08   Section        0  system_stm32h7xx.o(i.SystemInit)
    i.UARTEx_SetNbDataToProcess              0x08003b00   Section        0  stm32h7xx_hal_uart_ex.o(i.UARTEx_SetNbDataToProcess)
    UARTEx_SetNbDataToProcess                0x08003b01   Thumb Code    62  stm32h7xx_hal_uart_ex.o(i.UARTEx_SetNbDataToProcess)
    i.UART_AdvFeatureConfig                  0x08003b44   Section        0  stm32h7xx_hal_uart.o(i.UART_AdvFeatureConfig)
    i.UART_CheckIdleState                    0x08003c0c   Section        0  stm32h7xx_hal_uart.o(i.UART_CheckIdleState)
    i.UART_EndRxTransfer                     0x08003cb8   Section        0  stm32h7xx_hal_uart.o(i.UART_EndRxTransfer)
    UART_EndRxTransfer                       0x08003cb9   Thumb Code    78  stm32h7xx_hal_uart.o(i.UART_EndRxTransfer)
    i.UART_SetConfig                         0x08003d0c   Section        0  stm32h7xx_hal_uart.o(i.UART_SetConfig)
    i.UART_WaitOnFlagUntilTimeout            0x080040b8   Section        0  stm32h7xx_hal_uart.o(i.UART_WaitOnFlagUntilTimeout)
    i.UsageFault_Handler                     0x0800414c   Section        0  stm32h7xx_it.o(i.UsageFault_Handler)
    i.__0printf                              0x08004150   Section        0  printfa.o(i.__0printf)
    i.__NVIC_SetPriority                     0x08004170   Section        0  stm32h7xx_hal_cortex.o(i.__NVIC_SetPriority)
    __NVIC_SetPriority                       0x08004171   Thumb Code    34  stm32h7xx_hal_cortex.o(i.__NVIC_SetPriority)
    i.__scatterload_copy                     0x08004192   Section       14  handlers.o(i.__scatterload_copy)
    i.__scatterload_null                     0x080041a0   Section        2  handlers.o(i.__scatterload_null)
    i.__scatterload_zeroinit                 0x080041a2   Section       14  handlers.o(i.__scatterload_zeroinit)
    i._ai_forward_layer                      0x080041b0   Section        0  layers.o(i._ai_forward_layer)
    _ai_forward_layer                        0x080041b1   Thumb Code    18  layers.o(i._ai_forward_layer)
    i._fp_digits                             0x080041c4   Section        0  printfa.o(i._fp_digits)
    _fp_digits                               0x080041c5   Thumb Code   366  printfa.o(i._fp_digits)
    i._platform_network_io_bind              0x08004348   Section        0  ai_platform_interface.o(i._platform_network_io_bind)
    _platform_network_io_bind                0x08004349   Thumb Code   528  ai_platform_interface.o(i._platform_network_io_bind)
    i._platform_network_state_setup          0x08004558   Section        0  ai_platform_interface.o(i._platform_network_state_setup)
    _platform_network_state_setup            0x08004559   Thumb Code    62  ai_platform_interface.o(i._platform_network_state_setup)
    i._platform_network_state_update_input   0x08004596   Section        0  ai_platform_interface.o(i._platform_network_state_update_input)
    _platform_network_state_update_input     0x08004597   Thumb Code   106  ai_platform_interface.o(i._platform_network_state_update_input)
    i._platform_network_state_update_output  0x08004600   Section        0  ai_platform_interface.o(i._platform_network_state_update_output)
    _platform_network_state_update_output    0x08004601   Thumb Code   128  ai_platform_interface.o(i._platform_network_state_update_output)
    i._printf_core                           0x08004680   Section        0  printfa.o(i._printf_core)
    _printf_core                             0x08004681   Thumb Code  1744  printfa.o(i._printf_core)
    i._printf_post_padding                   0x08004d5c   Section        0  printfa.o(i._printf_post_padding)
    _printf_post_padding                     0x08004d5d   Thumb Code    36  printfa.o(i._printf_post_padding)
    i._printf_pre_padding                    0x08004d80   Section        0  printfa.o(i._printf_pre_padding)
    _printf_pre_padding                      0x08004d81   Thumb Code    46  printfa.o(i._printf_pre_padding)
    i.ai_array_get_data_byte_size            0x08004dae   Section        0  ai_datatypes_format.o(i.ai_array_get_data_byte_size)
    i.ai_array_to_buffer_fmt                 0x08004dcc   Section        0  ai_datatypes_format.o(i.ai_array_to_buffer_fmt)
    i.ai_buffer_get_size                     0x08004efc   Section        0  ai_platform.o(i.ai_buffer_get_size)
    i.ai_layers_forward_all                  0x08004f64   Section        0  layers.o(i.ai_layers_forward_all)
    i.ai_log_err                             0x08004fb4   Section        0  app_x-cube-ai.o(i.ai_log_err)
    ai_log_err                               0x08004fb5   Thumb Code    50  app_x-cube-ai.o(i.ai_log_err)
    i.ai_network_get_error                   0x08005050   Section        0  network.o(i.ai_network_get_error)
    i.ai_network_run                         0x08005054   Section        0  network.o(i.ai_network_run)
    i.ai_platform_context_acquire            0x08005058   Section        0  ai_platform_interface.o(i.ai_platform_context_acquire)
    i.ai_platform_network_get_error          0x0800506c   Section        0  ai_platform_interface.o(i.ai_platform_network_get_error)
    i.ai_platform_network_process            0x08005088   Section        0  ai_platform_interface.o(i.ai_platform_network_process)
    i.ai_platform_network_set_error          0x080050dc   Section        0  ai_platform_interface.o(i.ai_platform_network_set_error)
    i.core_get_error                         0x080050e8   Section        0  core_common.o(i.core_get_error)
    i.core_set_error                         0x080050f4   Section        0  core_common.o(i.core_set_error)
    i.fputc                                  0x08005110   Section        0  main.o(i.fputc)
    i.get_tensor_byte_size                   0x08005128   Section        0  ai_datatypes_internal.o(i.get_tensor_byte_size)
    i.main                                   0x08005150   Section        0  main.o(i.main)
    i.st_int8_copy                           0x08005250   Section        0  st_int8_fill.o(i.st_int8_copy)
    .constdata                               0x080052d4   Section     3136  app_x-cube-ai.o(.constdata)
    .constdata                               0x08005f14   Section       24  stm32h7xx_hal_uart.o(.constdata)
    .constdata                               0x08005f2c   Section       16  stm32h7xx_hal_uart_ex.o(.constdata)
    numerator                                0x08005f2c   Data           8  stm32h7xx_hal_uart_ex.o(.constdata)
    denominator                              0x08005f34   Data           8  stm32h7xx_hal_uart_ex.o(.constdata)
    .constdata                               0x08005f3c   Section       16  system_stm32h7xx.o(.constdata)
    .constdata                               0x08005f4c   Section      104  ai_platform_interface.o(.constdata)
    .data                                    0x24000000   Section       24  app_x-cube-ai.o(.data)
    network                                  0x2400000c   Data           4  app_x-cube-ai.o(.data)
    ai_input                                 0x24000010   Data           4  app_x-cube-ai.o(.data)
    ai_output                                0x24000014   Data           4  app_x-cube-ai.o(.data)
    .data                                    0x24000018   Section       12  stm32h7xx_hal.o(.data)
    .data                                    0x24000024   Section        8  system_stm32h7xx.o(.data)
    .data                                    0x2400002c   Section        4  stdout.o(.data)
    .bss                                     0x24000040   Section     3200  app_x-cube-ai.o(.bss)
    pool0                                    0x24000040   Data        3200  app_x-cube-ai.o(.bss)
    .bss                                     0x24000cc0   Section      100  adc.o(.bss)
    .bss                                     0x24000d24   Section       36  crc.o(.bss)
    .bss                                     0x24000d48   Section      148  usart.o(.bss)
    STACK                                    0x24000de0   Section    16384  startup_stm32h750xx.o(STACK)

    Global Symbols

    Symbol Name                              Value     Ov Type        Size  Object(Section)

    BuildAttributes$$THM_ISAv4$E$P$D$K$B$S$7EM$VFPv5_D16$PE$PLD8$A:L22UL41UL21$X:L11$S22US41US21$IEEE1$IW$USESV6$~STKCKD$USESV7$~SHL$OTIME$ROPI$IEEEX$EBA8$MICROLIB$REQ8$PRES8$EABIv2 0x00000000   Number         0  anon$$obj.o ABSOLUTE
    __ARM_use_no_argv                        0x00000000   Number         0  main.o ABSOLUTE
    _printf_a                                0x00000000   Number         0  stubs.o ABSOLUTE
    _printf_c                                0x00000000   Number         0  stubs.o ABSOLUTE
    _printf_charcount                        0x00000000   Number         0  stubs.o ABSOLUTE
    _printf_d                                0x00000000   Number         0  stubs.o ABSOLUTE
    _printf_e                                0x00000000   Number         0  stubs.o ABSOLUTE
    _printf_f                                0x00000000   Number         0  stubs.o ABSOLUTE
    _printf_flags                            0x00000000   Number         0  stubs.o ABSOLUTE
    _printf_fp_dec                           0x00000000   Number         0  stubs.o ABSOLUTE
    _printf_fp_hex                           0x00000000   Number         0  stubs.o ABSOLUTE
    _printf_g                                0x00000000   Number         0  stubs.o ABSOLUTE
    _printf_i                                0x00000000   Number         0  stubs.o ABSOLUTE
    _printf_int_dec                          0x00000000   Number         0  stubs.o ABSOLUTE
    _printf_l                                0x00000000   Number         0  stubs.o ABSOLUTE
    _printf_lc                               0x00000000   Number         0  stubs.o ABSOLUTE
    _printf_ll                               0x00000000   Number         0  stubs.o ABSOLUTE
    _printf_lld                              0x00000000   Number         0  stubs.o ABSOLUTE
    _printf_lli                              0x00000000   Number         0  stubs.o ABSOLUTE
    _printf_llo                              0x00000000   Number         0  stubs.o ABSOLUTE
    _printf_llu                              0x00000000   Number         0  stubs.o ABSOLUTE
    _printf_llx                              0x00000000   Number         0  stubs.o ABSOLUTE
    _printf_longlong_dec                     0x00000000   Number         0  stubs.o ABSOLUTE
    _printf_longlong_hex                     0x00000000   Number         0  stubs.o ABSOLUTE
    _printf_longlong_oct                     0x00000000   Number         0  stubs.o ABSOLUTE
    _printf_ls                               0x00000000   Number         0  stubs.o ABSOLUTE
    _printf_mbtowc                           0x00000000   Number         0  stubs.o ABSOLUTE
    _printf_n                                0x00000000   Number         0  stubs.o ABSOLUTE
    _printf_o                                0x00000000   Number         0  stubs.o ABSOLUTE
    _printf_p                                0x00000000   Number         0  stubs.o ABSOLUTE
    _printf_percent                          0x00000000   Number         0  stubs.o ABSOLUTE
    _printf_pre_padding                      0x00000000   Number         0  stubs.o ABSOLUTE
    _printf_return_value                     0x00000000   Number         0  stubs.o ABSOLUTE
    _printf_s                                0x00000000   Number         0  stubs.o ABSOLUTE
    _printf_sizespec                         0x00000000   Number         0  stubs.o ABSOLUTE
    _printf_str                              0x00000000   Number         0  stubs.o ABSOLUTE
    _printf_truncate_signed                  0x00000000   Number         0  stubs.o ABSOLUTE
    _printf_truncate_unsigned                0x00000000   Number         0  stubs.o ABSOLUTE
    _printf_u                                0x00000000   Number         0  stubs.o ABSOLUTE
    _printf_wc                               0x00000000   Number         0  stubs.o ABSOLUTE
    _printf_wctomb                           0x00000000   Number         0  stubs.o ABSOLUTE
    _printf_widthprec                        0x00000000   Number         0  stubs.o ABSOLUTE
    _printf_x                                0x00000000   Number         0  stubs.o ABSOLUTE
    __cpp_initialize__aeabi_                  - Undefined Weak Reference
    __cxa_finalize                            - Undefined Weak Reference
    __decompress                              - Undefined Weak Reference
    _clock_init                               - Undefined Weak Reference
    _microlib_exit                            - Undefined Weak Reference
    __Vectors_Size                           0x00000298   Number         0  startup_stm32h750xx.o ABSOLUTE
    __Vectors                                0x08000000   Data           4  startup_stm32h750xx.o(RESET)
    __Vectors_End                            0x08000298   Data           0  startup_stm32h750xx.o(RESET)
    __main                                   0x08000299   Thumb Code     0  entry.o(.ARM.Collect$$$$00000000)
    _main_stk                                0x08000299   Thumb Code     0  entry2.o(.ARM.Collect$$$$00000001)
    _main_scatterload                        0x0800029d   Thumb Code     0  entry5.o(.ARM.Collect$$$$00000004)
    __main_after_scatterload                 0x080002a1   Thumb Code     0  entry5.o(.ARM.Collect$$$$00000004)
    _main_clock                              0x080002a1   Thumb Code     0  entry7b.o(.ARM.Collect$$$$00000008)
    _main_cpp_init                           0x080002a1   Thumb Code     0  entry8b.o(.ARM.Collect$$$$0000000A)
    _main_init                               0x080002a1   Thumb Code     0  entry9a.o(.ARM.Collect$$$$0000000B)
    __rt_final_cpp                           0x080002a9   Thumb Code     0  entry10a.o(.ARM.Collect$$$$0000000D)
    __rt_final_exit                          0x080002a9   Thumb Code     0  entry11a.o(.ARM.Collect$$$$0000000F)
    Reset_Handler                            0x080002ad   Thumb Code    12  startup_stm32h750xx.o(.text)
    ADC3_IRQHandler                          0x080002cb   Thumb Code     0  startup_stm32h750xx.o(.text)
    ADC_IRQHandler                           0x080002cb   Thumb Code     0  startup_stm32h750xx.o(.text)
    BDMA_Channel0_IRQHandler                 0x080002cb   Thumb Code     0  startup_stm32h750xx.o(.text)
    BDMA_Channel1_IRQHandler                 0x080002cb   Thumb Code     0  startup_stm32h750xx.o(.text)
    BDMA_Channel2_IRQHandler                 0x080002cb   Thumb Code     0  startup_stm32h750xx.o(.text)
    BDMA_Channel3_IRQHandler                 0x080002cb   Thumb Code     0  startup_stm32h750xx.o(.text)
    BDMA_Channel4_IRQHandler                 0x080002cb   Thumb Code     0  startup_stm32h750xx.o(.text)
    BDMA_Channel5_IRQHandler                 0x080002cb   Thumb Code     0  startup_stm32h750xx.o(.text)
    BDMA_Channel6_IRQHandler                 0x080002cb   Thumb Code     0  startup_stm32h750xx.o(.text)
    BDMA_Channel7_IRQHandler                 0x080002cb   Thumb Code     0  startup_stm32h750xx.o(.text)
    CEC_IRQHandler                           0x080002cb   Thumb Code     0  startup_stm32h750xx.o(.text)
    COMP1_IRQHandler                         0x080002cb   Thumb Code     0  startup_stm32h750xx.o(.text)
    CRS_IRQHandler                           0x080002cb   Thumb Code     0  startup_stm32h750xx.o(.text)
    CRYP_IRQHandler                          0x080002cb   Thumb Code     0  startup_stm32h750xx.o(.text)
    DCMI_IRQHandler                          0x080002cb   Thumb Code     0  startup_stm32h750xx.o(.text)
    DFSDM1_FLT0_IRQHandler                   0x080002cb   Thumb Code     0  startup_stm32h750xx.o(.text)
    DFSDM1_FLT1_IRQHandler                   0x080002cb   Thumb Code     0  startup_stm32h750xx.o(.text)
    DFSDM1_FLT2_IRQHandler                   0x080002cb   Thumb Code     0  startup_stm32h750xx.o(.text)
    DFSDM1_FLT3_IRQHandler                   0x080002cb   Thumb Code     0  startup_stm32h750xx.o(.text)
    DMA1_Stream0_IRQHandler                  0x080002cb   Thumb Code     0  startup_stm32h750xx.o(.text)
    DMA1_Stream1_IRQHandler                  0x080002cb   Thumb Code     0  startup_stm32h750xx.o(.text)
    DMA1_Stream2_IRQHandler                  0x080002cb   Thumb Code     0  startup_stm32h750xx.o(.text)
    DMA1_Stream3_IRQHandler                  0x080002cb   Thumb Code     0  startup_stm32h750xx.o(.text)
    DMA1_Stream4_IRQHandler                  0x080002cb   Thumb Code     0  startup_stm32h750xx.o(.text)
    DMA1_Stream5_IRQHandler                  0x080002cb   Thumb Code     0  startup_stm32h750xx.o(.text)
    DMA1_Stream6_IRQHandler                  0x080002cb   Thumb Code     0  startup_stm32h750xx.o(.text)
    DMA1_Stream7_IRQHandler                  0x080002cb   Thumb Code     0  startup_stm32h750xx.o(.text)
    DMA2D_IRQHandler                         0x080002cb   Thumb Code     0  startup_stm32h750xx.o(.text)
    DMA2_Stream0_IRQHandler                  0x080002cb   Thumb Code     0  startup_stm32h750xx.o(.text)
    DMA2_Stream1_IRQHandler                  0x080002cb   Thumb Code     0  startup_stm32h750xx.o(.text)
    DMA2_Stream2_IRQHandler                  0x080002cb   Thumb Code     0  startup_stm32h750xx.o(.text)
    DMA2_Stream3_IRQHandler                  0x080002cb   Thumb Code     0  startup_stm32h750xx.o(.text)
    DMA2_Stream4_IRQHandler                  0x080002cb   Thumb Code     0  startup_stm32h750xx.o(.text)
    DMA2_Stream5_IRQHandler                  0x080002cb   Thumb Code     0  startup_stm32h750xx.o(.text)
    DMA2_Stream6_IRQHandler                  0x080002cb   Thumb Code     0  startup_stm32h750xx.o(.text)
    DMA2_Stream7_IRQHandler                  0x080002cb   Thumb Code     0  startup_stm32h750xx.o(.text)
    DMAMUX1_OVR_IRQHandler                   0x080002cb   Thumb Code     0  startup_stm32h750xx.o(.text)
    DMAMUX2_OVR_IRQHandler                   0x080002cb   Thumb Code     0  startup_stm32h750xx.o(.text)
    ECC_IRQHandler                           0x080002cb   Thumb Code     0  startup_stm32h750xx.o(.text)
    ETH_IRQHandler                           0x080002cb   Thumb Code     0  startup_stm32h750xx.o(.text)
    ETH_WKUP_IRQHandler                      0x080002cb   Thumb Code     0  startup_stm32h750xx.o(.text)
    EXTI0_IRQHandler                         0x080002cb   Thumb Code     0  startup_stm32h750xx.o(.text)
    EXTI15_10_IRQHandler                     0x080002cb   Thumb Code     0  startup_stm32h750xx.o(.text)
    EXTI1_IRQHandler                         0x080002cb   Thumb Code     0  startup_stm32h750xx.o(.text)
    EXTI2_IRQHandler                         0x080002cb   Thumb Code     0  startup_stm32h750xx.o(.text)
    EXTI3_IRQHandler                         0x080002cb   Thumb Code     0  startup_stm32h750xx.o(.text)
    EXTI4_IRQHandler                         0x080002cb   Thumb Code     0  startup_stm32h750xx.o(.text)
    EXTI9_5_IRQHandler                       0x080002cb   Thumb Code     0  startup_stm32h750xx.o(.text)
    FDCAN1_IT0_IRQHandler                    0x080002cb   Thumb Code     0  startup_stm32h750xx.o(.text)
    FDCAN1_IT1_IRQHandler                    0x080002cb   Thumb Code     0  startup_stm32h750xx.o(.text)
    FDCAN2_IT0_IRQHandler                    0x080002cb   Thumb Code     0  startup_stm32h750xx.o(.text)
    FDCAN2_IT1_IRQHandler                    0x080002cb   Thumb Code     0  startup_stm32h750xx.o(.text)
    FDCAN_CAL_IRQHandler                     0x080002cb   Thumb Code     0  startup_stm32h750xx.o(.text)
    FLASH_IRQHandler                         0x080002cb   Thumb Code     0  startup_stm32h750xx.o(.text)
    FMC_IRQHandler                           0x080002cb   Thumb Code     0  startup_stm32h750xx.o(.text)
    FPU_IRQHandler                           0x080002cb   Thumb Code     0  startup_stm32h750xx.o(.text)
    HASH_RNG_IRQHandler                      0x080002cb   Thumb Code     0  startup_stm32h750xx.o(.text)
    HRTIM1_FLT_IRQHandler                    0x080002cb   Thumb Code     0  startup_stm32h750xx.o(.text)
    HRTIM1_Master_IRQHandler                 0x080002cb   Thumb Code     0  startup_stm32h750xx.o(.text)
    HRTIM1_TIMA_IRQHandler                   0x080002cb   Thumb Code     0  startup_stm32h750xx.o(.text)
    HRTIM1_TIMB_IRQHandler                   0x080002cb   Thumb Code     0  startup_stm32h750xx.o(.text)
    HRTIM1_TIMC_IRQHandler                   0x080002cb   Thumb Code     0  startup_stm32h750xx.o(.text)
    HRTIM1_TIMD_IRQHandler                   0x080002cb   Thumb Code     0  startup_stm32h750xx.o(.text)
    HRTIM1_TIME_IRQHandler                   0x080002cb   Thumb Code     0  startup_stm32h750xx.o(.text)
    HSEM1_IRQHandler                         0x080002cb   Thumb Code     0  startup_stm32h750xx.o(.text)
    I2C1_ER_IRQHandler                       0x080002cb   Thumb Code     0  startup_stm32h750xx.o(.text)
    I2C1_EV_IRQHandler                       0x080002cb   Thumb Code     0  startup_stm32h750xx.o(.text)
    I2C2_ER_IRQHandler                       0x080002cb   Thumb Code     0  startup_stm32h750xx.o(.text)
    I2C2_EV_IRQHandler                       0x080002cb   Thumb Code     0  startup_stm32h750xx.o(.text)
    I2C3_ER_IRQHandler                       0x080002cb   Thumb Code     0  startup_stm32h750xx.o(.text)
    I2C3_EV_IRQHandler                       0x080002cb   Thumb Code     0  startup_stm32h750xx.o(.text)
    I2C4_ER_IRQHandler                       0x080002cb   Thumb Code     0  startup_stm32h750xx.o(.text)
    I2C4_EV_IRQHandler                       0x080002cb   Thumb Code     0  startup_stm32h750xx.o(.text)
    JPEG_IRQHandler                          0x080002cb   Thumb Code     0  startup_stm32h750xx.o(.text)
    LPTIM1_IRQHandler                        0x080002cb   Thumb Code     0  startup_stm32h750xx.o(.text)
    LPTIM2_IRQHandler                        0x080002cb   Thumb Code     0  startup_stm32h750xx.o(.text)
    LPTIM3_IRQHandler                        0x080002cb   Thumb Code     0  startup_stm32h750xx.o(.text)
    LPTIM4_IRQHandler                        0x080002cb   Thumb Code     0  startup_stm32h750xx.o(.text)
    LPTIM5_IRQHandler                        0x080002cb   Thumb Code     0  startup_stm32h750xx.o(.text)
    LPUART1_IRQHandler                       0x080002cb   Thumb Code     0  startup_stm32h750xx.o(.text)
    LTDC_ER_IRQHandler                       0x080002cb   Thumb Code     0  startup_stm32h750xx.o(.text)
    LTDC_IRQHandler                          0x080002cb   Thumb Code     0  startup_stm32h750xx.o(.text)
    MDIOS_IRQHandler                         0x080002cb   Thumb Code     0  startup_stm32h750xx.o(.text)
    MDIOS_WKUP_IRQHandler                    0x080002cb   Thumb Code     0  startup_stm32h750xx.o(.text)
    MDMA_IRQHandler                          0x080002cb   Thumb Code     0  startup_stm32h750xx.o(.text)
    OTG_FS_EP1_IN_IRQHandler                 0x080002cb   Thumb Code     0  startup_stm32h750xx.o(.text)
    OTG_FS_EP1_OUT_IRQHandler                0x080002cb   Thumb Code     0  startup_stm32h750xx.o(.text)
    OTG_FS_IRQHandler                        0x080002cb   Thumb Code     0  startup_stm32h750xx.o(.text)
    OTG_FS_WKUP_IRQHandler                   0x080002cb   Thumb Code     0  startup_stm32h750xx.o(.text)
    OTG_HS_EP1_IN_IRQHandler                 0x080002cb   Thumb Code     0  startup_stm32h750xx.o(.text)
    OTG_HS_EP1_OUT_IRQHandler                0x080002cb   Thumb Code     0  startup_stm32h750xx.o(.text)
    OTG_HS_IRQHandler                        0x080002cb   Thumb Code     0  startup_stm32h750xx.o(.text)
    OTG_HS_WKUP_IRQHandler                   0x080002cb   Thumb Code     0  startup_stm32h750xx.o(.text)
    PVD_AVD_IRQHandler                       0x080002cb   Thumb Code     0  startup_stm32h750xx.o(.text)
    QUADSPI_IRQHandler                       0x080002cb   Thumb Code     0  startup_stm32h750xx.o(.text)
    RCC_IRQHandler                           0x080002cb   Thumb Code     0  startup_stm32h750xx.o(.text)
    RTC_Alarm_IRQHandler                     0x080002cb   Thumb Code     0  startup_stm32h750xx.o(.text)
    RTC_WKUP_IRQHandler                      0x080002cb   Thumb Code     0  startup_stm32h750xx.o(.text)
    SAI1_IRQHandler                          0x080002cb   Thumb Code     0  startup_stm32h750xx.o(.text)
    SAI2_IRQHandler                          0x080002cb   Thumb Code     0  startup_stm32h750xx.o(.text)
    SAI3_IRQHandler                          0x080002cb   Thumb Code     0  startup_stm32h750xx.o(.text)
    SAI4_IRQHandler                          0x080002cb   Thumb Code     0  startup_stm32h750xx.o(.text)
    SDMMC1_IRQHandler                        0x080002cb   Thumb Code     0  startup_stm32h750xx.o(.text)
    SDMMC2_IRQHandler                        0x080002cb   Thumb Code     0  startup_stm32h750xx.o(.text)
    SPDIF_RX_IRQHandler                      0x080002cb   Thumb Code     0  startup_stm32h750xx.o(.text)
    SPI1_IRQHandler                          0x080002cb   Thumb Code     0  startup_stm32h750xx.o(.text)
    SPI2_IRQHandler                          0x080002cb   Thumb Code     0  startup_stm32h750xx.o(.text)
    SPI3_IRQHandler                          0x080002cb   Thumb Code     0  startup_stm32h750xx.o(.text)
    SPI4_IRQHandler                          0x080002cb   Thumb Code     0  startup_stm32h750xx.o(.text)
    SPI5_IRQHandler                          0x080002cb   Thumb Code     0  startup_stm32h750xx.o(.text)
    SPI6_IRQHandler                          0x080002cb   Thumb Code     0  startup_stm32h750xx.o(.text)
    SWPMI1_IRQHandler                        0x080002cb   Thumb Code     0  startup_stm32h750xx.o(.text)
    TAMP_STAMP_IRQHandler                    0x080002cb   Thumb Code     0  startup_stm32h750xx.o(.text)
    TIM15_IRQHandler                         0x080002cb   Thumb Code     0  startup_stm32h750xx.o(.text)
    TIM16_IRQHandler                         0x080002cb   Thumb Code     0  startup_stm32h750xx.o(.text)
    TIM17_IRQHandler                         0x080002cb   Thumb Code     0  startup_stm32h750xx.o(.text)
    TIM1_BRK_IRQHandler                      0x080002cb   Thumb Code     0  startup_stm32h750xx.o(.text)
    TIM1_CC_IRQHandler                       0x080002cb   Thumb Code     0  startup_stm32h750xx.o(.text)
    TIM1_TRG_COM_IRQHandler                  0x080002cb   Thumb Code     0  startup_stm32h750xx.o(.text)
    TIM1_UP_IRQHandler                       0x080002cb   Thumb Code     0  startup_stm32h750xx.o(.text)
    TIM2_IRQHandler                          0x080002cb   Thumb Code     0  startup_stm32h750xx.o(.text)
    TIM3_IRQHandler                          0x080002cb   Thumb Code     0  startup_stm32h750xx.o(.text)
    TIM4_IRQHandler                          0x080002cb   Thumb Code     0  startup_stm32h750xx.o(.text)
    TIM5_IRQHandler                          0x080002cb   Thumb Code     0  startup_stm32h750xx.o(.text)
    TIM6_DAC_IRQHandler                      0x080002cb   Thumb Code     0  startup_stm32h750xx.o(.text)
    TIM7_IRQHandler                          0x080002cb   Thumb Code     0  startup_stm32h750xx.o(.text)
    TIM8_BRK_TIM12_IRQHandler                0x080002cb   Thumb Code     0  startup_stm32h750xx.o(.text)
    TIM8_CC_IRQHandler                       0x080002cb   Thumb Code     0  startup_stm32h750xx.o(.text)
    TIM8_TRG_COM_TIM14_IRQHandler            0x080002cb   Thumb Code     0  startup_stm32h750xx.o(.text)
    TIM8_UP_TIM13_IRQHandler                 0x080002cb   Thumb Code     0  startup_stm32h750xx.o(.text)
    UART4_IRQHandler                         0x080002cb   Thumb Code     0  startup_stm32h750xx.o(.text)
    UART5_IRQHandler                         0x080002cb   Thumb Code     0  startup_stm32h750xx.o(.text)
    UART7_IRQHandler                         0x080002cb   Thumb Code     0  startup_stm32h750xx.o(.text)
    UART8_IRQHandler                         0x080002cb   Thumb Code     0  startup_stm32h750xx.o(.text)
    USART1_IRQHandler                        0x080002cb   Thumb Code     0  startup_stm32h750xx.o(.text)
    USART2_IRQHandler                        0x080002cb   Thumb Code     0  startup_stm32h750xx.o(.text)
    USART3_IRQHandler                        0x080002cb   Thumb Code     0  startup_stm32h750xx.o(.text)
    USART6_IRQHandler                        0x080002cb   Thumb Code     0  startup_stm32h750xx.o(.text)
    WAKEUP_PIN_IRQHandler                    0x080002cb   Thumb Code     0  startup_stm32h750xx.o(.text)
    WWDG_IRQHandler                          0x080002cb   Thumb Code     0  startup_stm32h750xx.o(.text)
    __aeabi_uldivmod                         0x080002d9   Thumb Code    98  uldiv.o(.text)
    __aeabi_memset                           0x0800033b   Thumb Code    14  memseta.o(.text)
    __aeabi_memset4                          0x0800033b   Thumb Code     0  memseta.o(.text)
    __aeabi_memset8                          0x0800033b   Thumb Code     0  memseta.o(.text)
    __aeabi_memclr                           0x08000349   Thumb Code     4  memseta.o(.text)
    __aeabi_memclr4                          0x08000349   Thumb Code     0  memseta.o(.text)
    __aeabi_memclr8                          0x08000349   Thumb Code     0  memseta.o(.text)
    _memset$wrapper                          0x0800034d   Thumb Code    18  memseta.o(.text)
    __aeabi_uidiv                            0x0800035f   Thumb Code     0  uidiv.o(.text)
    __aeabi_uidivmod                         0x0800035f   Thumb Code    44  uidiv.o(.text)
    __aeabi_llsl                             0x0800038b   Thumb Code    30  llshl.o(.text)
    _ll_shift_l                              0x0800038b   Thumb Code     0  llshl.o(.text)
    __aeabi_llsr                             0x080003a9   Thumb Code    32  llushr.o(.text)
    _ll_ushift_r                             0x080003a9   Thumb Code     0  llushr.o(.text)
    __I$use$fp                               0x080003c9   Thumb Code     0  iusefp.o(.text)
    __aeabi_dadd                             0x080003c9   Thumb Code   322  dadd.o(.text)
    __aeabi_dsub                             0x0800050b   Thumb Code     6  dadd.o(.text)
    __aeabi_drsub                            0x08000511   Thumb Code     6  dadd.o(.text)
    __aeabi_dmul                             0x08000517   Thumb Code   228  dmul.o(.text)
    __aeabi_ddiv                             0x080005fb   Thumb Code   222  ddiv.o(.text)
    __aeabi_d2ulz                            0x080006d9   Thumb Code    48  dfixul.o(.text)
    __aeabi_cdrcmple                         0x08000709   Thumb Code    48  cdrcmple.o(.text)
    __scatterload                            0x08000739   Thumb Code    28  init.o(.text)
    __scatterload_rt2                        0x08000739   Thumb Code     0  init.o(.text)
    __aeabi_lasr                             0x0800075d   Thumb Code    36  llsshr.o(.text)
    _ll_sshift_r                             0x0800075d   Thumb Code     0  llsshr.o(.text)
    _double_round                            0x08000781   Thumb Code    30  depilogue.o(.text)
    _double_epilogue                         0x0800079f   Thumb Code   156  depilogue.o(.text)
    ADC_ConfigureBoostMode                   0x0800083d   Thumb Code   236  stm32h7xx_hal_adc.o(i.ADC_ConfigureBoostMode)
    BusFault_Handler                         0x08000945   Thumb Code     2  stm32h7xx_it.o(i.BusFault_Handler)
    DebugMon_Handler                         0x08000947   Thumb Code     2  stm32h7xx_it.o(i.DebugMon_Handler)
    Error_Handler                            0x08000949   Thumb Code     4  main.o(i.Error_Handler)
    ExitRun0Mode                             0x0800094d   Thumb Code    22  system_stm32h7xx.o(i.ExitRun0Mode)
    HAL_ADCEx_MultiModeConfigChannel         0x08000969   Thumb Code   274  stm32h7xx_hal_adc_ex.o(i.HAL_ADCEx_MultiModeConfigChannel)
    HAL_ADC_ConfigChannel                    0x08000a91   Thumb Code   946  stm32h7xx_hal_adc.o(i.HAL_ADC_ConfigChannel)
    HAL_ADC_Init                             0x08000eb1   Thumb Code   498  stm32h7xx_hal_adc.o(i.HAL_ADC_Init)
    HAL_ADC_MspInit                          0x080010d9   Thumb Code   148  adc.o(i.HAL_ADC_MspInit)
    HAL_CRCEx_Polynomial_Set                 0x08001179   Thumb Code    84  stm32h7xx_hal_crc_ex.o(i.HAL_CRCEx_Polynomial_Set)
    HAL_CRC_Init                             0x080011cd   Thumb Code   114  stm32h7xx_hal_crc.o(i.HAL_CRC_Init)
    HAL_CRC_MspInit                          0x08001245   Thumb Code    30  crc.o(i.HAL_CRC_MspInit)
    HAL_Delay                                0x0800126d   Thumb Code    32  stm32h7xx_hal.o(i.HAL_Delay)
    HAL_GPIO_Init                            0x08001291   Thumb Code   506  stm32h7xx_hal_gpio.o(i.HAL_GPIO_Init)
    HAL_GPIO_TogglePin                       0x080014bd   Thumb Code    16  stm32h7xx_hal_gpio.o(i.HAL_GPIO_TogglePin)
    HAL_GPIO_WritePin                        0x080014cd   Thumb Code    10  stm32h7xx_hal_gpio.o(i.HAL_GPIO_WritePin)
    HAL_GetREVID                             0x080014d9   Thumb Code     8  stm32h7xx_hal.o(i.HAL_GetREVID)
    HAL_GetTick                              0x080014e5   Thumb Code     6  stm32h7xx_hal.o(i.HAL_GetTick)
    HAL_IncTick                              0x080014f1   Thumb Code    12  stm32h7xx_hal.o(i.HAL_IncTick)
    HAL_Init                                 0x08001501   Thumb Code    74  stm32h7xx_hal.o(i.HAL_Init)
    HAL_InitTick                             0x0800155d   Thumb Code    56  stm32h7xx_hal.o(i.HAL_InitTick)
    HAL_MPU_ConfigRegion                     0x0800159d   Thumb Code    86  stm32h7xx_hal_cortex.o(i.HAL_MPU_ConfigRegion)
    HAL_MPU_Disable                          0x080015f9   Thumb Code    24  stm32h7xx_hal_cortex.o(i.HAL_MPU_Disable)
    HAL_MPU_Enable                           0x08001615   Thumb Code    30  stm32h7xx_hal_cortex.o(i.HAL_MPU_Enable)
    HAL_MspInit                              0x08001639   Thumb Code    22  stm32h7xx_hal_msp.o(i.HAL_MspInit)
    HAL_NVIC_SetPriority                     0x08001655   Thumb Code    60  stm32h7xx_hal_cortex.o(i.HAL_NVIC_SetPriority)
    HAL_NVIC_SetPriorityGrouping             0x08001695   Thumb Code    28  stm32h7xx_hal_cortex.o(i.HAL_NVIC_SetPriorityGrouping)
    HAL_PWREx_ConfigSupply                   0x080016b9   Thumb Code    78  stm32h7xx_hal_pwr_ex.o(i.HAL_PWREx_ConfigSupply)
    HAL_RCCEx_GetD3PCLK1Freq                 0x0800170d   Thumb Code    26  stm32h7xx_hal_rcc_ex.o(i.HAL_RCCEx_GetD3PCLK1Freq)
    HAL_RCCEx_GetPLL1ClockFreq               0x08001731   Thumb Code   298  stm32h7xx_hal_rcc_ex.o(i.HAL_RCCEx_GetPLL1ClockFreq)
    HAL_RCCEx_GetPLL2ClockFreq               0x08001879   Thumb Code   296  stm32h7xx_hal_rcc_ex.o(i.HAL_RCCEx_GetPLL2ClockFreq)
    HAL_RCCEx_GetPLL3ClockFreq               0x080019bd   Thumb Code   296  stm32h7xx_hal_rcc_ex.o(i.HAL_RCCEx_GetPLL3ClockFreq)
    HAL_RCCEx_GetPeriphCLKFreq               0x08001b01   Thumb Code   694  stm32h7xx_hal_rcc_ex.o(i.HAL_RCCEx_GetPeriphCLKFreq)
    HAL_RCCEx_PeriphCLKConfig                0x08001dc9   Thumb Code  2472  stm32h7xx_hal_rcc_ex.o(i.HAL_RCCEx_PeriphCLKConfig)
    HAL_RCC_ClockConfig                      0x08002775   Thumb Code   580  stm32h7xx_hal_rcc.o(i.HAL_RCC_ClockConfig)
    HAL_RCC_GetHCLKFreq                      0x080029d1   Thumb Code    52  stm32h7xx_hal_rcc.o(i.HAL_RCC_GetHCLKFreq)
    HAL_RCC_GetPCLK1Freq                     0x08002a15   Thumb Code    26  stm32h7xx_hal_rcc.o(i.HAL_RCC_GetPCLK1Freq)
    HAL_RCC_GetPCLK2Freq                     0x08002a39   Thumb Code    26  stm32h7xx_hal_rcc.o(i.HAL_RCC_GetPCLK2Freq)
    HAL_RCC_GetSysClockFreq                  0x08002a5d   Thumb Code   278  stm32h7xx_hal_rcc.o(i.HAL_RCC_GetSysClockFreq)
    HAL_RCC_OscConfig                        0x08002b95   Thumb Code  1410  stm32h7xx_hal_rcc.o(i.HAL_RCC_OscConfig)
    HAL_SYSTICK_Config                       0x08003117   Thumb Code    38  stm32h7xx_hal_cortex.o(i.HAL_SYSTICK_Config)
    HAL_UARTEx_DisableFifoMode               0x0800313d   Thumb Code    64  stm32h7xx_hal_uart_ex.o(i.HAL_UARTEx_DisableFifoMode)
    HAL_UARTEx_SetRxFifoThreshold            0x0800317d   Thumb Code    76  stm32h7xx_hal_uart_ex.o(i.HAL_UARTEx_SetRxFifoThreshold)
    HAL_UARTEx_SetTxFifoThreshold            0x080031c9   Thumb Code    76  stm32h7xx_hal_uart_ex.o(i.HAL_UARTEx_SetTxFifoThreshold)
    HAL_UART_Init                            0x08003215   Thumb Code   106  stm32h7xx_hal_uart.o(i.HAL_UART_Init)
    HAL_UART_MspInit                         0x08003281   Thumb Code   142  usart.o(i.HAL_UART_MspInit)
    HAL_UART_Transmit                        0x0800331d   Thumb Code   176  stm32h7xx_hal_uart.o(i.HAL_UART_Transmit)
    HardFault_Handler                        0x080033cd   Thumb Code     2  stm32h7xx_it.o(i.HardFault_Handler)
    MX_ADC1_Init                             0x080033e9   Thumb Code   130  adc.o(i.MX_ADC1_Init)
    MX_CRC_Init                              0x08003479   Thumb Code    40  crc.o(i.MX_CRC_Init)
    MX_GPIO_Init                             0x080034a9   Thumb Code   118  gpio.o(i.MX_GPIO_Init)
    MX_USART1_UART_Init                      0x0800352d   Thumb Code    94  usart.o(i.MX_USART1_UART_Init)
    MX_X_CUBE_AI_Process                     0x08003595   Thumb Code   184  app_x-cube-ai.o(i.MX_X_CUBE_AI_Process)
    MemManage_Handler                        0x0800370d   Thumb Code     2  stm32h7xx_it.o(i.MemManage_Handler)
    NMI_Handler                              0x0800370f   Thumb Code     2  stm32h7xx_it.o(i.NMI_Handler)
    PendSV_Handler                           0x08003711   Thumb Code     2  stm32h7xx_it.o(i.PendSV_Handler)
    SVC_Handler                              0x08003955   Thumb Code     2  stm32h7xx_it.o(i.SVC_Handler)
    SysTick_Handler                          0x08003957   Thumb Code     4  stm32h7xx_it.o(i.SysTick_Handler)
    SystemClock_Config                       0x0800395d   Thumb Code   162  main.o(i.SystemClock_Config)
    SystemInit                               0x08003a09   Thumb Code   206  system_stm32h7xx.o(i.SystemInit)
    UART_AdvFeatureConfig                    0x08003b45   Thumb Code   200  stm32h7xx_hal_uart.o(i.UART_AdvFeatureConfig)
    UART_CheckIdleState                      0x08003c0d   Thumb Code   170  stm32h7xx_hal_uart.o(i.UART_CheckIdleState)
    UART_SetConfig                           0x08003d0d   Thumb Code   876  stm32h7xx_hal_uart.o(i.UART_SetConfig)
    UART_WaitOnFlagUntilTimeout              0x080040b9   Thumb Code   148  stm32h7xx_hal_uart.o(i.UART_WaitOnFlagUntilTimeout)
    UsageFault_Handler                       0x0800414d   Thumb Code     2  stm32h7xx_it.o(i.UsageFault_Handler)
    __0printf                                0x08004151   Thumb Code    22  printfa.o(i.__0printf)
    __1printf                                0x08004151   Thumb Code     0  printfa.o(i.__0printf)
    __2printf                                0x08004151   Thumb Code     0  printfa.o(i.__0printf)
    __c89printf                              0x08004151   Thumb Code     0  printfa.o(i.__0printf)
    printf                                   0x08004151   Thumb Code     0  printfa.o(i.__0printf)
    __scatterload_copy                       0x08004193   Thumb Code    14  handlers.o(i.__scatterload_copy)
    __scatterload_null                       0x080041a1   Thumb Code     2  handlers.o(i.__scatterload_null)
    __scatterload_zeroinit                   0x080041a3   Thumb Code    14  handlers.o(i.__scatterload_zeroinit)
    ai_array_get_data_byte_size              0x08004daf   Thumb Code    30  ai_datatypes_format.o(i.ai_array_get_data_byte_size)
    ai_array_to_buffer_fmt                   0x08004dcd   Thumb Code   250  ai_datatypes_format.o(i.ai_array_to_buffer_fmt)
    ai_buffer_get_size                       0x08004efd   Thumb Code    96  ai_platform.o(i.ai_buffer_get_size)
    ai_layers_forward_all                    0x08004f65   Thumb Code    80  layers.o(i.ai_layers_forward_all)
    ai_network_get_error                     0x08005051   Thumb Code     4  network.o(i.ai_network_get_error)
    ai_network_run                           0x08005055   Thumb Code     4  network.o(i.ai_network_run)
    ai_platform_context_acquire              0x08005059   Thumb Code    14  ai_platform_interface.o(i.ai_platform_context_acquire)
    ai_platform_network_get_error            0x0800506d   Thumb Code    24  ai_platform_interface.o(i.ai_platform_network_get_error)
    ai_platform_network_process              0x08005089   Thumb Code    84  ai_platform_interface.o(i.ai_platform_network_process)
    ai_platform_network_set_error            0x080050dd   Thumb Code    12  ai_platform_interface.o(i.ai_platform_network_set_error)
    core_get_error                           0x080050e9   Thumb Code    12  core_common.o(i.core_get_error)
    core_set_error                           0x080050f5   Thumb Code    26  core_common.o(i.core_set_error)
    fputc                                    0x08005111   Thumb Code    20  main.o(i.fputc)
    get_tensor_byte_size                     0x08005129   Thumb Code    34  ai_datatypes_internal.o(i.get_tensor_byte_size)
    main                                     0x08005151   Thumb Code   242  main.o(i.main)
    st_int8_copy                             0x08005251   Thumb Code   132  st_int8_fill.o(i.st_int8_copy)
    my_test_image                            0x080052d4   Data        3136  app_x-cube-ai.o(.constdata)
    UARTPrescTable                           0x08005f14   Data          24  stm32h7xx_hal_uart.o(.constdata)
    D1CorePrescTable                         0x08005f3c   Data          16  system_stm32h7xx.o(.constdata)
    Region$$Table$$Base                      0x08005fb4   Number         0  anon$$obj.o(Region$$Table)
    Region$$Table$$Limit                     0x08005fd4   Number         0  anon$$obj.o(Region$$Table)
    data_ins                                 0x24000000   Data           4  app_x-cube-ai.o(.data)
    data_outs                                0x24000004   Data           4  app_x-cube-ai.o(.data)
    data_activations0                        0x24000008   Data           4  app_x-cube-ai.o(.data)
    uwTickFreq                               0x24000018   Data           1  stm32h7xx_hal.o(.data)
    uwTickPrio                               0x2400001c   Data           4  stm32h7xx_hal.o(.data)
    uwTick                                   0x24000020   Data           4  stm32h7xx_hal.o(.data)
    SystemCoreClock                          0x24000024   Data           4  system_stm32h7xx.o(.data)
    SystemD2Clock                            0x24000028   Data           4  system_stm32h7xx.o(.data)
    __stdout                                 0x2400002c   Data           4  stdout.o(.data)
    hadc1                                    0x24000cc0   Data         100  adc.o(.bss)
    hcrc                                     0x24000d24   Data          36  crc.o(.bss)
    huart1                                   0x24000d48   Data         148  usart.o(.bss)
    __initial_sp                             0x24004de0   Data           0  startup_stm32h750xx.o(STACK)



==============================================================================

Memory Map of the image

  Image Entry point : 0x08000299

  Load Region LR_IROM1 (Base: 0x08000000, Size: 0x00006004, Max: 0x00020000, ABSOLUTE)

    Execution Region ER_IROM1 (Exec base: 0x08000000, Load base: 0x08000000, Size: 0x00005fd4, Max: 0x00020000, ABSOLUTE)

    Exec Addr    Load Addr    Size         Type   Attr      Idx    E Section Name        Object

    0x08000000   0x08000000   0x00000298   Data   RO            3    RESET               startup_stm32h750xx.o
    0x08000298   0x08000298   0x00000000   Code   RO         5855  * .ARM.Collect$$$$00000000  mc_w.l(entry.o)
    0x08000298   0x08000298   0x00000004   Code   RO         6203    .ARM.Collect$$$$00000001  mc_w.l(entry2.o)
    0x0800029c   0x0800029c   0x00000004   Code   RO         6206    .ARM.Collect$$$$00000004  mc_w.l(entry5.o)
    0x080002a0   0x080002a0   0x00000000   Code   RO         6208    .ARM.Collect$$$$00000008  mc_w.l(entry7b.o)
    0x080002a0   0x080002a0   0x00000000   Code   RO         6210    .ARM.Collect$$$$0000000A  mc_w.l(entry8b.o)
    0x080002a0   0x080002a0   0x00000008   Code   RO         6211    .ARM.Collect$$$$0000000B  mc_w.l(entry9a.o)
    0x080002a8   0x080002a8   0x00000000   Code   RO         6213    .ARM.Collect$$$$0000000D  mc_w.l(entry10a.o)
    0x080002a8   0x080002a8   0x00000000   Code   RO         6215    .ARM.Collect$$$$0000000F  mc_w.l(entry11a.o)
    0x080002a8   0x080002a8   0x00000004   Code   RO         6204    .ARM.Collect$$$$00002712  mc_w.l(entry2.o)
    0x080002ac   0x080002ac   0x0000002c   Code   RO            4    .text               startup_stm32h750xx.o
    0x080002d8   0x080002d8   0x00000062   Code   RO         5858    .text               mc_w.l(uldiv.o)
    0x0800033a   0x0800033a   0x00000024   Code   RO         5862    .text               mc_w.l(memseta.o)
    0x0800035e   0x0800035e   0x0000002c   Code   RO         6218    .text               mc_w.l(uidiv.o)
    0x0800038a   0x0800038a   0x0000001e   Code   RO         6220    .text               mc_w.l(llshl.o)
    0x080003a8   0x080003a8   0x00000020   Code   RO         6222    .text               mc_w.l(llushr.o)
    0x080003c8   0x080003c8   0x00000000   Code   RO         6233    .text               mc_w.l(iusefp.o)
    0x080003c8   0x080003c8   0x0000014e   Code   RO         6238    .text               mf_w.l(dadd.o)
    0x08000516   0x08000516   0x000000e4   Code   RO         6240    .text               mf_w.l(dmul.o)
    0x080005fa   0x080005fa   0x000000de   Code   RO         6242    .text               mf_w.l(ddiv.o)
    0x080006d8   0x080006d8   0x00000030   Code   RO         6244    .text               mf_w.l(dfixul.o)
    0x08000708   0x08000708   0x00000030   Code   RO         6246    .text               mf_w.l(cdrcmple.o)
    0x08000738   0x08000738   0x00000024   Code   RO         6250    .text               mc_w.l(init.o)
    0x0800075c   0x0800075c   0x00000024   Code   RO         6252    .text               mc_w.l(llsshr.o)
    0x08000780   0x08000780   0x000000ba   Code   RO         6256    .text               mf_w.l(depilogue.o)
    0x0800083a   0x0800083a   0x00000002   PAD
    0x0800083c   0x0800083c   0x00000108   Code   RO          967    i.ADC_ConfigureBoostMode  stm32h7xx_hal_adc.o
    0x08000944   0x08000944   0x00000002   Code   RO          868    i.BusFault_Handler  stm32h7xx_it.o
    0x08000946   0x08000946   0x00000002   Code   RO          869    i.DebugMon_Handler  stm32h7xx_it.o
    0x08000948   0x08000948   0x00000004   Code   RO          632    i.Error_Handler     main.o
    0x0800094c   0x0800094c   0x0000001c   Code   RO         4442    i.ExitRun0Mode      system_stm32h7xx.o
    0x08000968   0x08000968   0x00000128   Code   RO         1204    i.HAL_ADCEx_MultiModeConfigChannel  stm32h7xx_hal_adc_ex.o
    0x08000a90   0x08000a90   0x00000420   Code   RO          975    i.HAL_ADC_ConfigChannel  stm32h7xx_hal_adc.o
    0x08000eb0   0x08000eb0   0x00000228   Code   RO          984    i.HAL_ADC_Init      stm32h7xx_hal_adc.o
    0x080010d8   0x080010d8   0x000000a0   Code   RO          725    i.HAL_ADC_MspInit   adc.o
    0x08001178   0x08001178   0x00000054   Code   RO         3870    i.HAL_CRCEx_Polynomial_Set  stm32h7xx_hal_crc_ex.o
    0x080011cc   0x080011cc   0x00000078   Code   RO         3804    i.HAL_CRC_Init      stm32h7xx_hal_crc.o
    0x08001244   0x08001244   0x00000028   Code   RO          767    i.HAL_CRC_MspInit   crc.o
    0x0800126c   0x0800126c   0x00000024   Code   RO         2895    i.HAL_Delay         stm32h7xx_hal.o
    0x08001290   0x08001290   0x0000022c   Code   RO         1881    i.HAL_GPIO_Init     stm32h7xx_hal_gpio.o
    0x080014bc   0x080014bc   0x00000010   Code   RO         1884    i.HAL_GPIO_TogglePin  stm32h7xx_hal_gpio.o
    0x080014cc   0x080014cc   0x0000000a   Code   RO         1885    i.HAL_GPIO_WritePin  stm32h7xx_hal_gpio.o
    0x080014d6   0x080014d6   0x00000002   PAD
    0x080014d8   0x080014d8   0x0000000c   Code   RO         2906    i.HAL_GetREVID      stm32h7xx_hal.o
    0x080014e4   0x080014e4   0x0000000c   Code   RO         2907    i.HAL_GetTick       stm32h7xx_hal.o
    0x080014f0   0x080014f0   0x00000010   Code   RO         2913    i.HAL_IncTick       stm32h7xx_hal.o
    0x08001500   0x08001500   0x0000005c   Code   RO         2914    i.HAL_Init          stm32h7xx_hal.o
    0x0800155c   0x0800155c   0x00000040   Code   RO         2915    i.HAL_InitTick      stm32h7xx_hal.o
    0x0800159c   0x0800159c   0x0000005c   Code   RO         2736    i.HAL_MPU_ConfigRegion  stm32h7xx_hal_cortex.o
    0x080015f8   0x080015f8   0x0000001c   Code   RO         2737    i.HAL_MPU_Disable   stm32h7xx_hal_cortex.o
    0x08001614   0x08001614   0x00000024   Code   RO         2739    i.HAL_MPU_Enable    stm32h7xx_hal_cortex.o
    0x08001638   0x08001638   0x0000001c   Code   RO          943    i.HAL_MspInit       stm32h7xx_hal_msp.o
    0x08001654   0x08001654   0x00000040   Code   RO         2749    i.HAL_NVIC_SetPriority  stm32h7xx_hal_cortex.o
    0x08001694   0x08001694   0x00000024   Code   RO         2750    i.HAL_NVIC_SetPriorityGrouping  stm32h7xx_hal_cortex.o
    0x080016b8   0x080016b8   0x00000054   Code   RO         2482    i.HAL_PWREx_ConfigSupply  stm32h7xx_hal_pwr_ex.o
    0x0800170c   0x0800170c   0x00000024   Code   RO         1524    i.HAL_RCCEx_GetD3PCLK1Freq  stm32h7xx_hal_rcc_ex.o
    0x08001730   0x08001730   0x00000148   Code   RO         1525    i.HAL_RCCEx_GetPLL1ClockFreq  stm32h7xx_hal_rcc_ex.o
    0x08001878   0x08001878   0x00000144   Code   RO         1526    i.HAL_RCCEx_GetPLL2ClockFreq  stm32h7xx_hal_rcc_ex.o
    0x080019bc   0x080019bc   0x00000144   Code   RO         1527    i.HAL_RCCEx_GetPLL3ClockFreq  stm32h7xx_hal_rcc_ex.o
    0x08001b00   0x08001b00   0x000002c8   Code   RO         1529    i.HAL_RCCEx_GetPeriphCLKFreq  stm32h7xx_hal_rcc_ex.o
    0x08001dc8   0x08001dc8   0x000009ac   Code   RO         1533    i.HAL_RCCEx_PeriphCLKConfig  stm32h7xx_hal_rcc_ex.o
    0x08002774   0x08002774   0x0000025c   Code   RO         1409    i.HAL_RCC_ClockConfig  stm32h7xx_hal_rcc.o
    0x080029d0   0x080029d0   0x00000044   Code   RO         1414    i.HAL_RCC_GetHCLKFreq  stm32h7xx_hal_rcc.o
    0x08002a14   0x08002a14   0x00000024   Code   RO         1416    i.HAL_RCC_GetPCLK1Freq  stm32h7xx_hal_rcc.o
    0x08002a38   0x08002a38   0x00000024   Code   RO         1417    i.HAL_RCC_GetPCLK2Freq  stm32h7xx_hal_rcc.o
    0x08002a5c   0x08002a5c   0x00000138   Code   RO         1418    i.HAL_RCC_GetSysClockFreq  stm32h7xx_hal_rcc.o
    0x08002b94   0x08002b94   0x00000582   Code   RO         1421    i.HAL_RCC_OscConfig  stm32h7xx_hal_rcc.o
    0x08003116   0x08003116   0x00000026   Code   RO         2754    i.HAL_SYSTICK_Config  stm32h7xx_hal_cortex.o
    0x0800313c   0x0800313c   0x00000040   Code   RO         4324    i.HAL_UARTEx_DisableFifoMode  stm32h7xx_hal_uart_ex.o
    0x0800317c   0x0800317c   0x0000004c   Code   RO         4333    i.HAL_UARTEx_SetRxFifoThreshold  stm32h7xx_hal_uart_ex.o
    0x080031c8   0x080031c8   0x0000004c   Code   RO         4334    i.HAL_UARTEx_SetTxFifoThreshold  stm32h7xx_hal_uart_ex.o
    0x08003214   0x08003214   0x0000006a   Code   RO         3933    i.HAL_UART_Init     stm32h7xx_hal_uart.o
    0x0800327e   0x0800327e   0x00000002   PAD
    0x08003280   0x08003280   0x0000009c   Code   RO          827    i.HAL_UART_MspInit  usart.o
    0x0800331c   0x0800331c   0x000000b0   Code   RO         3942    i.HAL_UART_Transmit  stm32h7xx_hal_uart.o
    0x080033cc   0x080033cc   0x00000002   Code   RO          870    i.HardFault_Handler  stm32h7xx_it.o
    0x080033ce   0x080033ce   0x00000008   Code   RO          996    i.LL_ADC_INJ_IsConversionOngoing  stm32h7xx_hal_adc.o
    0x080033d6   0x080033d6   0x00000008   Code   RO          997    i.LL_ADC_REG_IsConversionOngoing  stm32h7xx_hal_adc.o
    0x080033de   0x080033de   0x00000008   Code   RO         1214    i.LL_ADC_REG_IsConversionOngoing  stm32h7xx_hal_adc_ex.o
    0x080033e6   0x080033e6   0x00000002   PAD
    0x080033e8   0x080033e8   0x00000090   Code   RO          726    i.MX_ADC1_Init      adc.o
    0x08003478   0x08003478   0x00000030   Code   RO          768    i.MX_CRC_Init       crc.o
    0x080034a8   0x080034a8   0x00000084   Code   RO          700    i.MX_GPIO_Init      gpio.o
    0x0800352c   0x0800352c   0x00000068   Code   RO          828    i.MX_USART1_UART_Init  usart.o
    0x08003594   0x08003594   0x00000178   Code   RO          436    i.MX_X_CUBE_AI_Process  app_x-cube-ai.o
    0x0800370c   0x0800370c   0x00000002   Code   RO          871    i.MemManage_Handler  stm32h7xx_it.o
    0x0800370e   0x0800370e   0x00000002   Code   RO          872    i.NMI_Handler       stm32h7xx_it.o
    0x08003710   0x08003710   0x00000002   Code   RO          873    i.PendSV_Handler    stm32h7xx_it.o
    0x08003712   0x08003712   0x00000002   PAD
    0x08003714   0x08003714   0x00000120   Code   RO         1536    i.RCCEx_PLL2_Config  stm32h7xx_hal_rcc_ex.o
    0x08003834   0x08003834   0x00000120   Code   RO         1537    i.RCCEx_PLL3_Config  stm32h7xx_hal_rcc_ex.o
    0x08003954   0x08003954   0x00000002   Code   RO          874    i.SVC_Handler       stm32h7xx_it.o
    0x08003956   0x08003956   0x00000004   Code   RO          875    i.SysTick_Handler   stm32h7xx_it.o
    0x0800395a   0x0800395a   0x00000002   PAD
    0x0800395c   0x0800395c   0x000000ac   Code   RO          633    i.SystemClock_Config  main.o
    0x08003a08   0x08003a08   0x000000f8   Code   RO         4444    i.SystemInit        system_stm32h7xx.o
    0x08003b00   0x08003b00   0x00000044   Code   RO         4338    i.UARTEx_SetNbDataToProcess  stm32h7xx_hal_uart_ex.o
    0x08003b44   0x08003b44   0x000000c8   Code   RO         3947    i.UART_AdvFeatureConfig  stm32h7xx_hal_uart.o
    0x08003c0c   0x08003c0c   0x000000aa   Code   RO         3948    i.UART_CheckIdleState  stm32h7xx_hal_uart.o
    0x08003cb6   0x08003cb6   0x00000002   PAD
    0x08003cb8   0x08003cb8   0x00000054   Code   RO         3959    i.UART_EndRxTransfer  stm32h7xx_hal_uart.o
    0x08003d0c   0x08003d0c   0x000003ac   Code   RO         3965    i.UART_SetConfig    stm32h7xx_hal_uart.o
    0x080040b8   0x080040b8   0x00000094   Code   RO         3972    i.UART_WaitOnFlagUntilTimeout  stm32h7xx_hal_uart.o
    0x0800414c   0x0800414c   0x00000002   Code   RO          876    i.UsageFault_Handler  stm32h7xx_it.o
    0x0800414e   0x0800414e   0x00000002   PAD
    0x08004150   0x08004150   0x00000020   Code   RO         6101    i.__0printf         mc_w.l(printfa.o)
    0x08004170   0x08004170   0x00000022   Code   RO         2756    i.__NVIC_SetPriority  stm32h7xx_hal_cortex.o
    0x08004192   0x08004192   0x0000000e   Code   RO         6260    i.__scatterload_copy  mc_w.l(handlers.o)
    0x080041a0   0x080041a0   0x00000002   Code   RO         6261    i.__scatterload_null  mc_w.l(handlers.o)
    0x080041a2   0x080041a2   0x0000000e   Code   RO         6262    i.__scatterload_zeroinit  mc_w.l(handlers.o)
    0x080041b0   0x080041b0   0x00000012   Code   RO         4854    i._ai_forward_layer  NetworkRuntime1020_CM7_Keil.lib(layers.o)
    0x080041c2   0x080041c2   0x00000002   PAD
    0x080041c4   0x080041c4   0x00000184   Code   RO         6108    i._fp_digits        mc_w.l(printfa.o)
    0x08004348   0x08004348   0x00000210   Code   RO         4504    i._platform_network_io_bind  NetworkRuntime1020_CM7_Keil.lib(ai_platform_interface.o)
    0x08004558   0x08004558   0x0000003e   Code   RO         4505    i._platform_network_state_setup  NetworkRuntime1020_CM7_Keil.lib(ai_platform_interface.o)
    0x08004596   0x08004596   0x0000006a   Code   RO         4506    i._platform_network_state_update_input  NetworkRuntime1020_CM7_Keil.lib(ai_platform_interface.o)
    0x08004600   0x08004600   0x00000080   Code   RO         4507    i._platform_network_state_update_output  NetworkRuntime1020_CM7_Keil.lib(ai_platform_interface.o)
    0x08004680   0x08004680   0x000006dc   Code   RO         6109    i._printf_core      mc_w.l(printfa.o)
    0x08004d5c   0x08004d5c   0x00000024   Code   RO         6110    i._printf_post_padding  mc_w.l(printfa.o)
    0x08004d80   0x08004d80   0x0000002e   Code   RO         6111    i._printf_pre_padding  mc_w.l(printfa.o)
    0x08004dae   0x08004dae   0x0000001e   Code   RO         4801    i.ai_array_get_data_byte_size  NetworkRuntime1020_CM7_Keil.lib(ai_datatypes_format.o)
    0x08004dcc   0x08004dcc   0x00000130   Code   RO         4803    i.ai_array_to_buffer_fmt  NetworkRuntime1020_CM7_Keil.lib(ai_datatypes_format.o)
    0x08004efc   0x08004efc   0x00000068   Code   RO         4488    i.ai_buffer_get_size  NetworkRuntime1020_CM7_Keil.lib(ai_platform.o)
    0x08004f64   0x08004f64   0x00000050   Code   RO         4860    i.ai_layers_forward_all  NetworkRuntime1020_CM7_Keil.lib(layers.o)
    0x08004fb4   0x08004fb4   0x0000009c   Code   RO          439    i.ai_log_err        app_x-cube-ai.o
    0x08005050   0x08005050   0x00000004   Code   RO           14    i.ai_network_get_error  network.o
    0x08005054   0x08005054   0x00000004   Code   RO           20    i.ai_network_run    network.o
    0x08005058   0x08005058   0x00000014   Code   RO         4512    i.ai_platform_context_acquire  NetworkRuntime1020_CM7_Keil.lib(ai_platform_interface.o)
    0x0800506c   0x0800506c   0x0000001c   Code   RO         4520    i.ai_platform_network_get_error  NetworkRuntime1020_CM7_Keil.lib(ai_platform_interface.o)
    0x08005088   0x08005088   0x00000054   Code   RO         4523    i.ai_platform_network_process  NetworkRuntime1020_CM7_Keil.lib(ai_platform_interface.o)
    0x080050dc   0x080050dc   0x0000000c   Code   RO         4524    i.ai_platform_network_set_error  NetworkRuntime1020_CM7_Keil.lib(ai_platform_interface.o)
    0x080050e8   0x080050e8   0x0000000c   Code   RO         4835    i.core_get_error    NetworkRuntime1020_CM7_Keil.lib(core_common.o)
    0x080050f4   0x080050f4   0x0000001a   Code   RO         4837    i.core_set_error    NetworkRuntime1020_CM7_Keil.lib(core_common.o)
    0x0800510e   0x0800510e   0x00000002   PAD
    0x08005110   0x08005110   0x00000018   Code   RO          634    i.fputc             main.o
    0x08005128   0x08005128   0x00000028   Code   RO         4826    i.get_tensor_byte_size  NetworkRuntime1020_CM7_Keil.lib(ai_datatypes_internal.o)
    0x08005150   0x08005150   0x00000100   Code   RO          635    i.main              main.o
    0x08005250   0x08005250   0x00000084   Code   RO         5578    i.st_int8_copy      NetworkRuntime1020_CM7_Keil.lib(st_int8_fill.o)
    0x080052d4   0x080052d4   0x00000c40   Data   RO          442    .constdata          app_x-cube-ai.o
    0x08005f14   0x08005f14   0x00000018   Data   RO         3973    .constdata          stm32h7xx_hal_uart.o
    0x08005f2c   0x08005f2c   0x00000010   Data   RO         4339    .constdata          stm32h7xx_hal_uart_ex.o
    0x08005f3c   0x08005f3c   0x00000010   Data   RO         4445    .constdata          system_stm32h7xx.o
    0x08005f4c   0x08005f4c   0x00000068   Data   RO         4533    .constdata          NetworkRuntime1020_CM7_Keil.lib(ai_platform_interface.o)
    0x08005fb4   0x08005fb4   0x00000020   Data   RO         6258    Region$$Table       anon$$obj.o


    Execution Region RW_IRAM1 (Exec base: 0x20000000, Load base: 0x08005fd4, Size: 0x00000000, Max: 0x00020000, ABSOLUTE)

    **** No section assigned to this execution region ****


    Execution Region RW_IRAM2 (Exec base: 0x24000000, Load base: 0x08005fd4, Size: 0x00004de0, Max: 0x00080000, ABSOLUTE)

    Exec Addr    Load Addr    Size         Type   Attr      Idx    E Section Name        Object

    0x24000000   0x08005fd4   0x00000018   Data   RW          443    .data               app_x-cube-ai.o
    0x24000018   0x08005fec   0x0000000c   Data   RW         2936    .data               stm32h7xx_hal.o
    0x24000024   0x08005ff8   0x00000008   Data   RW         4446    .data               system_stm32h7xx.o
    0x2400002c   0x08006000   0x00000004   Data   RW         6217    .data               mc_w.l(stdout.o)
    0x24000030   0x08006004   0x00000010   PAD
    0x24000040        -       0x00000c80   Zero   RW          441    .bss                app_x-cube-ai.o
    0x24000cc0        -       0x00000064   Zero   RW          727    .bss                adc.o
    0x24000d24        -       0x00000024   Zero   RW          769    .bss                crc.o
    0x24000d48        -       0x00000094   Zero   RW          829    .bss                usart.o
    0x24000ddc   0x08006004   0x00000004   PAD
    0x24000de0        -       0x00004000   Zero   RW            1    STACK               startup_stm32h750xx.o


==============================================================================

Image component sizes


      Code (inc. data)   RO Data    RW Data    ZI Data      Debug   Object Name

       304         26          0          0        100       1917   adc.o
       532        298       3136         24       3200    1286853   app_x-cube-ai.o
        88         18          0          0         36       1579   crc.o
       132         14          0          0          0        943   gpio.o
       456         28          0          0          0      40295   main.o
         8          0          0          0          0      49725   network.o
         0          0          0          0          0      14424   network_data_params.o
        44         12        664          0      16384        852   startup_stm32h750xx.o
       232         44          0         12          0      23476   stm32h7xx_hal.o
      1888        204          0          0          0      67964   stm32h7xx_hal_adc.o
       304         22          0          0          0      63143   stm32h7xx_hal_adc_ex.o
       328         28          0          0          0      41164   stm32h7xx_hal_cortex.o
       120          6          0          0          0       1191   stm32h7xx_hal_crc.o
        84          0          0          0          0       1299   stm32h7xx_hal_crc_ex.o
       582         50          0          0          0       2901   stm32h7xx_hal_gpio.o
        28          6          0          0          0        838   stm32h7xx_hal_msp.o
        84          6          0          0          0        801   stm32h7xx_hal_pwr_ex.o
      2466        102          0          0          0       7140   stm32h7xx_hal_rcc.o
      4776        172          0          0          0      10571   stm32h7xx_hal_rcc_ex.o
      1824        112         24          0          0      26850   stm32h7xx_hal_uart.o
       284          6         16          0          0       3765   stm32h7xx_hal_uart_ex.o
        20          0          0          0          0       4262   stm32h7xx_it.o
       276         48         16          8          0       1929   system_stm32h7xx.o
       260         24          0          0        148       1866   usart.o

    ----------------------------------------------------------------------
     15134       1226       3888         44      19872    1655748   Object Totals
         0          0         32          0          0          0   (incl. Generated)
        14          0          0          0          4          0   (incl. Padding)

    ----------------------------------------------------------------------

      Code (inc. data)   RO Data    RW Data    ZI Data      Debug   Library Member Name

       334         54          0          0          0        244   ai_datatypes_format.o
        40          6          0          0          0        128   ai_datatypes_internal.o
       104          8          0          0          0        124   ai_platform.o
       968         10        104          0          0       1024   ai_platform_interface.o
        38          0          0          0          0        232   core_common.o
        98          0          0          0          0        256   layers.o
       132          0          0          0          0        132   st_int8_fill.o
         0          0          0          0          0          0   entry.o
         0          0          0          0          0          0   entry10a.o
         0          0          0          0          0          0   entry11a.o
         8          4          0          0          0          0   entry2.o
         4          0          0          0          0          0   entry5.o
         0          0          0          0          0          0   entry7b.o
         0          0          0          0          0          0   entry8b.o
         8          4          0          0          0          0   entry9a.o
        30          0          0          0          0          0   handlers.o
        36          8          0          0          0         68   init.o
         0          0          0          0          0          0   iusefp.o
        30          0          0          0          0         68   llshl.o
        36          0          0          0          0         68   llsshr.o
        32          0          0          0          0         68   llushr.o
        36          0          0          0          0        108   memseta.o
      2258         90          0          0          0        452   printfa.o
         0          0          0          4          0          0   stdout.o
        44          0          0          0          0         80   uidiv.o
        98          0          0          0          0         92   uldiv.o
        48          0          0          0          0         68   cdrcmple.o
       334          0          0          0          0        148   dadd.o
       222          0          0          0          0        100   ddiv.o
       186          0          0          0          0        176   depilogue.o
        48          0          0          0          0         68   dfixul.o
       228          0          0          0          0         96   dmul.o

    ----------------------------------------------------------------------
      5406        184        104          4         16       3800   Library Totals
         6          0          0          0         16          0   (incl. Padding)

    ----------------------------------------------------------------------

      Code (inc. data)   RO Data    RW Data    ZI Data      Debug   Library Name

      1714         78        104          0          0       2140   NetworkRuntime1020_CM7_Keil.lib
      2620        106          0          4          0       1004   mc_w.l
      1066          0          0          0          0        656   mf_w.l

    ----------------------------------------------------------------------
      5406        184        104          4         16       3800   Library Totals

    ----------------------------------------------------------------------

==============================================================================


      Code (inc. data)   RO Data    RW Data    ZI Data      Debug   

     20540       1410       3992         48      19888    1650320   Grand Totals
     20540       1410       3992         48      19888    1650320   ELF Image Totals
     20540       1410       3992         48          0          0   ROM Totals

==============================================================================

    Total RO  Size (Code + RO Data)                24532 (  23.96kB)
    Total RW  Size (RW Data + ZI Data)             19936 (  19.47kB)
    Total ROM Size (Code + RO Data + RW Data)      24580 (  24.00kB)

==============================================================================

